Archive member included because of file (symbol)

/cygdrive/c/Jennic/Components/Library/libDBG_JN516x.a(dbg.o)
                              SerialLink.o (_DBG_vInit)
/cygdrive/c/Jennic/Components/Library/libJIP_JN516x.a(jip.o)
                              JIP-Gateway.o (_vJIP_Tick)
/cygdrive/c/Jennic/Components/Library/libJIP_JN516x.a(jip_traps.o)
                              /cygdrive/c/Jennic/Components/Library/libJIP_JN516x.a(jip.o) (_vNotifyAllTraps)
/cygdrive/c/Jennic/Components/Library/libJIP_JN516x.a(JIP_MIB_Network.o)
                              /cygdrive/c/Jennic/Components/Library/libJIP_JN516x.a(jip.o) (_vNetworkModule_Update)
/cygdrive/c/Jennic/Components/Library/libJIP_JN516x.a(JIP_MIB_Node.o)
                              /cygdrive/c/Jennic/Components/Library/libJIP_JN516x.a(jip.o) (_vNodeModule_Register)
/cygdrive/c/Jennic/Components/Library/libJIP_JN516x.a(JIP_MIB_Groups.o)
                              /cygdrive/c/Jennic/Components/Library/libJIP_JN516x.a(jip.o) (_vGroupsModule_Register)
/cygdrive/c/Jennic/Components/Library/libJIP_JN516x.a(JIP_MIB_OND.o)
                              /cygdrive/c/Jennic/Components/Library/libJIP_JN516x.a(jip.o) (_vONDModule_Register)
/cygdrive/c/Jennic/Components/Library/libJIP_JN516x.a(JIP_MIB_Device.o)
                              JIP-Gateway.o (_vJIP_SetDeviceTypes)
/cygdrive/c/Jennic/Components/Library/libJIP_JN516x.a(AccessFunctions.o)
                              /cygdrive/c/Jennic/Components/Library/libJIP_JN516x.a(JIP_MIB_OND.o) (_eSetUint16)
/cygdrive/c/Jennic/Components/Library/libJIP_JN516x.a(jip_remote.o)
                              /cygdrive/c/Jennic/Components/Library/libJIP_JN516x.a(jip.o) (_vHandleTrapResponse)
/cygdrive/c/Jennic/Components/Library/lib6LP_JN516x.a(ErrNo.o)
                              JIP-Gateway.o (_u32_6LP_DefGetErrNo)
/cygdrive/c/Jennic/Components/Library/lib6LP_JN516x.a(6LPcommon.o)
                              /cygdrive/c/Jennic/Components/Library/libJIP_JN516x.a(JIP_MIB_Network.o) (_e6LP_GetLinkLayer)
/cygdrive/c/Jennic/Components/Library/lib6LP_JN516x.a(NetworkFormation.o)
                              /cygdrive/c/Jennic/Components/Library/libJIP_JN516x.a(jip.o) (_i6LP_DefInitStack)
/cygdrive/c/Jennic/Components/Library/lib6LP_JN516x.a(NetworkFormationTree.o)
                              JIP-Gateway.o (_v6LP_SetNwkCallback)
/cygdrive/c/Jennic/Components/Library/lib6LP_JN516x.a(eui.o)
                              /cygdrive/c/Jennic/Components/Library/lib6LP_JN516x.a(NetworkFormation.o) (_vEUI_SetPANid)
/cygdrive/c/Jennic/Components/Library/lib6LP_JN516x.a(gateway.o)
                              JIP-Gateway.o (_i6LP_DefIpRecvFrom)
/cygdrive/c/Jennic/Components/Library/lib6LP_JN516x.a(ipv6.o)
                              /cygdrive/c/Jennic/Components/Library/lib6LP_JN516x.a(gateway.o) (_iIPv6_WriteDataIntoStructure)
/cygdrive/c/Jennic/Components/Library/lib6LP_JN516x.a(ipv6buffer.o)
                              /cygdrive/c/Jennic/Components/Library/libJIP_JN516x.a(jip.o) (_u16_6LP_DefGetSizeOfIPv6Record)
/cygdrive/c/Jennic/Components/Library/lib6LP_JN516x.a(ipv6checksum.o)
                              /cygdrive/c/Jennic/Components/Library/lib6LP_JN516x.a(ipv6.o) (_iIPv6_CalculateDataChecksum)
/cygdrive/c/Jennic/Components/Library/lib6LP_JN516x.a(receive.o)
                              /cygdrive/c/Jennic/Components/Library/lib6LP_JN516x.a(NetworkFormationTree.o) (_b6LP_HandleRxEvent)
/cygdrive/c/Jennic/Components/Library/lib6LP_JN516x.a(socket.o)
                              RADIUS.o (_i6LP_SetSocketDataEventHandler)
/cygdrive/c/Jennic/Components/Library/lib6LP_JN516x.a(transmit.o)
                              /cygdrive/c/Jennic/Components/Library/lib6LP_JN516x.a(NetworkFormationTree.o) (_vTX_AttemptTransmit)
/cygdrive/c/Jennic/Components/Library/lib6LP_JN516x.a(udp.o)
                              /cygdrive/c/Jennic/Components/Library/lib6LP_JN516x.a(ipv6.o) (_iUDP_BuildUDPpacket)
/cygdrive/c/Jennic/Components/Library/lib6LP_JN516x.a(groupcast.o)
                              JIP-Gateway.o (_u8_6LP_GCastAddrStoreEntries)
/cygdrive/c/Jennic/Components/Library/lib6LP_JN516x.a(6LPQueue.o)
                              /cygdrive/c/Jennic/Components/Library/libJIP_JN516x.a(jip_traps.o) (_v6LP_QueueAddToTimerQueue)
/cygdrive/c/Jennic/Components/Library/lib6LP_JN516x.a(dlist.o)
                              /cygdrive/c/Jennic/Components/Library/libJIP_JN516x.a(jip_traps.o) (_vDLISTinitialise)
/cygdrive/c/Jennic/Components/Library/lib6LP_JN516x.a(6lowpan.o)
                              /cygdrive/c/Jennic/Components/Library/lib6LP_JN516x.a(NetworkFormation.o) (_v6LP_InstallDefaultPatchFunctions)
/cygdrive/c/Jennic/Components/Library/lib6LP_JN516x.a(bitmap.o)
                              /cygdrive/c/Jennic/Components/Library/lib6LP_JN516x.a(receive.o) (_iBM_IsBitmapComplete)
/cygdrive/c/Jennic/Components/Library/lib6LP_JN516x.a(fheader.o)
[...]
Memory Configuration

Name             Origin             Length             Attributes
flash            0x00080000         0x00040000
ram              0x0400004c         0x00007fb4
*default*        0x00000000         0xffffffff

Linker script and memory map

START GROUP
LOAD JIP-Gateway.o
LOAD Queue.o
LOAD UartBuffered.o
LOAD SerialLink.o
LOAD RADIUS.o
LOAD md5.o
LOAD Exceptions.o
LOAD ModuleConfig.o
LOAD /cygdrive/c/Jennic/Components/Library/libDBG_JN516x.a
LOAD /cygdrive/c/Jennic/Components/Library/libJIP_JN516x.a
LOAD /cygdrive/c/Jennic/Components/Library/lib6LP_JN516x.a
LOAD /cygdrive/c/Jennic/Components/Library/libJenNet_JN516x.a
LOAD /cygdrive/c/Jennic/Components/Library/libAppApi_JN516x.a
LOAD /cygdrive/c/Jennic/Components/Library/libMac_JN516x.a
LOAD /cygdrive/c/Jennic/Components/Library/libTof_JN516x.a
LOAD /cygdrive/c/Jennic/Components/Library/libXcv_JN516x.a
LOAD /cygdrive/c/Jennic/Components/Library/libAES_CCM_SW_PATCH_JN516x.a
LOAD /cygdrive/c/Jennic/Components/Library/libAes_JN516x.a
LOAD /cygdrive/c/Jennic/Components/Library/libTimerServer_JN516x.a
LOAD /cygdrive/c/Jennic/Components/Library/libHardwareApi_JN516x.a
LOAD /cygdrive/c/Jennic/Components/Library/libMicroSpecific_JN516x.a
LOAD /cygdrive/c/Jennic/Components/Library/libBoot_JN516x.a
LOAD /cygdrive/c/Jennic/Components/Library/libMaths_JN516x.a
LOAD /cygdrive/c/Jennic/Components/Library/libPDM_EEPROM_JN516x.a
LOAD /cygdrive/c/Jennic/Platform/DK2/Library/libBoardLib_JN516x.a
END GROUP
LOAD /cygdrive/c/Jennic/Tools/ba-elf-ba2/bin/../lib/gcc/ba-elf/4.1.2/ba2/libgcc.a
LOAD /cygdrive/c/Jennic/Tools/ba-elf-ba2/bin/../lib/gcc/ba-elf/4.1.2/../../../../ba-elf/lib/ba2/libc.a
LOAD /cygdrive/c/Jennic/Tools/ba-elf-ba2/bin/../lib/gcc/ba-elf/4.1.2/ba2/libgcc.a
                0x00000800                _stack_size = 0x800
                0x00003340                _minimum_heap_size = 0x3340
                0x00080038                __exception_vsr_table = 0x80038
                0x04000000                _pSPIflashFncTable = 0x4000000
                0x00000800                _stack_size = 0x800
                0x00003340                _minimum_heap_size = 0x3340
                0x00000044                restore_state = 0x44
                0x0000004a                _bZSPIWaitWIPClear = 0x4a
                0x00000050                _u16ZSPIflashRDID = 0x50
                0x00000056                _u8SelectFlashChipType = 0x56
                0x0000005c                _memcpy = 0x5c
                0x00000066                _vBootFlashProg = 0x66
                [0x00003340]                _minimum_heap_size = DEFINED (_minimum_heap_size)?_minimum_heap_size:0xd16
                0x00000000                _SwConfig = (DEFINED (g_bSWConf_Debug) | (DEFINED (g_bSWConf_AltDebugPort) << 0x1))

.version        0x0007fffc        0x4
                0x0007fffc        0x4 LONG 0x7030008

.bir            0x00080000       0x10
                0x00080000                _flash_start = <code 342> (.)
                0x00080000                _flash_beg = <code 342> (.)
                0x00080000        0x4 LONG 0x12345678
                0x00080004        0x4 LONG 0x11223344
                0x00080008        0x4 LONG 0x55667788
                0x0008000c        0x1 BYTE 0x8
                0x0008000d        0x1 BYTE 0x1
                0x0008000e        0x2 SHORT 0x0

.flashheader    0x00080010       0x28
                0x00080010        0x4 LONG 0x0
                0x00080014        0x4 LONG 0x0
                0x00080018        0x4 LONG 0x0
                0x0008001c        0x2 SHORT 0x0
                0x0008001e        0x2 SHORT 0x0 <code 342> (_SwConfig)
                0x00080020                _enc_start = <code 342> (.)
                0x00080020        0x4 LONG 0x1eb24 <code 342> (_image_len)
                0x00000000                _enc_offset = (_enc_start & 0xf)
                [0x00000020]                _enc_start = (_enc_start - _flash_beg)
                0x00080024        0x4 LONG 0x9e854 <code 342> (_flash_data_start)
                0x00080028        0x2 SHORT 0x13 ((<code 342> (_ram_data_start) / 0x4) & 0xffff)
                0x0008002a        0x2 SHORT 0xb4 ((<code 342> (_ram_data_len) / 0x4) & 0xffff)
                0x0008002c        0x2 SHORT 0xc7 ((<code 342> (_bss_start) / 0x4) & 0xffff)
                0x0008002e        0x2 SHORT 0x770 ((<code 342> (_bss_len) / 0x4) & 0xffff)
                0x00080030        0x4 LONG 0x816be <code 342> (_AppWarmStart)
                0x00080034        0x4 LONG 0x81227 <code 342> (_AppColdStart)
                0x00000044                PROVIDE (_vException_BusError, restore_state)
                0x00000044                PROVIDE (_vException_UnalignedAccess, restore_state)
                0x00000044                PROVIDE (_vException_IllegalInstruction, restore_state)
                0x00000044                PROVIDE (_vException_SysCall, restore_state)
                0x00000044                PROVIDE (_vException_Trap, restore_state)
                0x00000044                PROVIDE (_vException_StackOverflow, restore_state)
                0x00080038                . = <code 342> (__exception_vsr_table)

.vsr_table      0x00080038       0x18
                0x00080038        0x4 LONG 0x82f92 <code 342> (_vException_BusError)
                0x0008003c        0x4 LONG 0x82f8c <code 342> (_vException_UnalignedAccess)
                0x00080040        0x4 LONG 0x82f86 <code 342> (_vException_IllegalInstruction)
                0x00080044        0x4 LONG 0x82f80 <code 342> (_vException_SysCall)
                0x00080048        0x4 LONG 0x82f7a <code 342> (_vException_Trap)
                0x0008004c        0x4 LONG 0x82f74 <code 342> (_vException_StackOverflow)

.vsr_handlers   0x00080050       0xab
 *(.vsr_handlers)
 .vsr_handlers  0x00080050       0xab /cygdrive/c/Jennic/Components/Library/libBoot_JN516x.a(ExceptionHandler.o)
                0x00080050                __exception_external_interrupt
                0x000800f9                __default_vsr_dummy

.rodata         0x000800fc      0x960
 *(.rodata*)
 .rodata.str1.1
                0x000800fc      0x2db JIP-Gateway.o
 *fill*         0x000803d7        0x1 00
 .rodata.au16DeviceType.5244
                0x000803d8        0x2 JIP-Gateway.o
 .rodata.au8SoftwareVersion
                0x000803da        0x3 JIP-Gateway.o
 .rodata.str1.1
                0x000803dd       0x7c RADIUS.o
 *fill*         0x00080459        0x3 00
 .rodata.pcDebugPrefix
                0x0008045c        0x4 RADIUS.o
 .rodata.pad.1583
                0x00080460       0x40 md5.o
 .rodata.str1.1
                0x000804a0       0x6a Exceptions.o
 .rodata.str1.1
                0x0008050a       0x50 ModuleConfig.o
 .rodata.str1.1
                0x0008055a       0x16 /cygdrive/c/Jennic/Components/Library/libDBG_JN516x.a(dbg.o)
                                 0x17 (size before relaxing)
 .rodata.str1.1
                0x00080570       0x69 /cygdrive/c/Jennic/Components/Library/libJIP_JN516x.a(JIP_MIB_Network.o)
 *fill*         0x000805d9        0x3 00
 .rodata.sNetworkMibDef
                0x000805dc       0x58 /cygdrive/c/Jennic/Components/Library/libJIP_JN516x.a(JIP_MIB_Network.o)
 .rodata.str1.1
                0x00080634       0x25 /cygdrive/c/Jennic/Components/Library/libJIP_JN516x.a(JIP_MIB_Node.o)
                                 0x2d (size before relaxing)
 *fill*         0x00080659        0x3 00
 .rodata.sNodeMibDef
                0x0008065c       0x30 /cygdrive/c/Jennic/Components/Library/libJIP_JN516x.a(JIP_MIB_Node.o)
 .rodata.str1.1
                0x0008068c       0x21 /cygdrive/c/Jennic/Components/Library/libJIP_JN516x.a(JIP_MIB_Groups.o)
                                 0x28 (size before relaxing)
 *fill*         0x000806ad        0x3 00
 .rodata.sGroupsMibDef
                0x000806b0       0x30 /cygdrive/c/Jennic/Components/Library/libJIP_JN516x.a(JIP_MIB_Groups.o)
 .rodata.str1.1
                0x000806e0       0x38 /cygdrive/c/Jennic/Components/Library/libJIP_JN516x.a(JIP_MIB_OND.o)
 .rodata.sONDMibDef
                0x00080718       0x44 /cygdrive/c/Jennic/Components/Library/libJIP_JN516x.a(JIP_MIB_OND.o)
 .rodata.str1.1
                0x0008075c        0xc /cygdrive/c/Jennic/Components/Library/libJIP_JN516x.a(JIP_MIB_Device.o)
                                 0x15 (size before relaxing)
 .rodata.sDeviceIDMibDef
                0x00080768       0x1c /cygdrive/c/Jennic/Components/Library/libJIP_JN516x.a(JIP_MIB_Device.o)
 .rodata.au8TreeBeaconPayload.5611
                0x00080784        0x3 /cygdrive/c/Jennic/Components/Library/lib6LP_JN516x.a(NetworkFormationTree.o)
 *fill*         0x00080787        0x1 00
 .rodata.sLinkLocalPrefix
                0x00080788        0x8 /cygdrive/c/Jennic/Components/Library/lib6LP_JN516x.a(eui.o)
 .rodata.au8DestAddr.5797
                0x00080790       0x10 /cygdrive/c/Jennic/Components/Library/lib6LP_JN516x.a(groupcast.o)
 .rodata.au8DefaultKeySource
                0x000807a0        0x8 /cygdrive/c/Jennic/Components/Library/libJenNet_JN516x.a(Sec2006.o)
 .rodata.au86LP_HC.5834
                0x000807a8        0x4 /cygdrive/c/Jennic/Components/Library/libJenNet_JN516x.a(LowEnergySupport.o)
 .rodata.au8EventTable
                0x000807ac       0x50 /cygdrive/c/Jennic/Components/Library/libJenNet_JN516x.a(JenNet_OND.o)
 .rodata.aprEventHandler
                0x000807fc       0x2c /cygdrive/c/Jennic/Components/Library/libJenNet_JN516x.a(JenNet_OND.o)
 .rodata.sBroadcastAddr
                0x00080828        0x8 /cygdrive/c/Jennic/Components/Library/libJenNet_JN516x.a(JenNet_OND.o)
 .rodata.sUnknownMacAddr
                0x00080830        0x8 /cygdrive/c/Jennic/Components/Library/libJenNet_JN516x.a(JenNet_OND.o)
 .rodata.s_sPibInit
                0x00080838       0x18 /cygdrive/c/Jennic/Components/Library/libMac_JN516x.a(mac_pib_mlme.o)
 .rodata.aeXcvPhyEvtToScanEvt.4240
                0x00080850       0x18 /cygdrive/c/Jennic/Components/Library/libMac_JN516x.a(mac_scan.o)
 .rodata.aeXcvBbcEvtToScanEvt.4230
                0x00080868        0xa /cygdrive/c/Jennic/Components/Library/libMac_JN516x.a(mac_scan.o)
 .rodata.s_atScanEvtST
                0x00080872       0x31 /cygdrive/c/Jennic/Components/Library/libMac_JN516x.a(mac_scan.o)
 *fill*         0x000808a3        0x1 00
 .rodata.s_aprScanHandleEvt
                0x000808a4       0x30 /cygdrive/c/Jennic/Components/Library/libMac_JN516x.a(mac_scan.o)
 .rodata.psTAMcontext
                0x000808d4        0x4 /cygdrive/c/Jennic/Components/Library/libMac_JN516x.a(TAM.o)
                0x000808d4                _psTAMcontext
 .rodata.psTamMacContext
                0x000808d8        0x4 /cygdrive/c/Jennic/Components/Library/libMac_JN516x.a(TAM.o)
                0x000808d8                _psTamMacContext
 .rodata.psTamXcvContext
                0x000808dc        0x4 /cygdrive/c/Jennic/Components/Library/libMac_JN516x.a(TAM.o)
                0x000808dc                _psTamXcvContext
 .rodata.au8XcvToTAMevent.4757
                0x000808e0        0xa /cygdrive/c/Jennic/Components/Library/libMac_JN516x.a(TAM.o)
 .rodata.au8HeaderSize.4215
                0x000808ea        0xe /cygdrive/c/Jennic/Components/Library/libMac_JN516x.a(TAMcommon.o)
 .rodata.apvActionCalls
                0x000808f8       0x88 /cygdrive/c/Jennic/Components/Library/libMac_JN516x.a(TAMevent.o)
                0x000808f8                _apvActionCalls
 .rodata.au8StateActions
                0x00080980       0x8c /cygdrive/c/Jennic/Components/Library/libMac_JN516x.a(TAMevent.o)
                0x00080980                _au8StateActions
 .rodata.au8SizeInc.4433
                0x00080a0c        0x9 /cygdrive/c/Jennic/Components/Library/libMac_JN516x.a(TAMsecurity.o)
 .rodata.au8MICLenLUT.3714
                0x00080a15        0x4 /cygdrive/c/Jennic/Components/Library/libMac_JN516x.a(TAMsecurity.o)
 .rodata.au8dataSizeTable
                0x00080a19        0xd /cygdrive/c/Jennic/Components/Library/libAes_JN516x.a(AEScoprocessorAPI.o)
                0x00080a19                _au8dataSizeTable
 .rodata.au8FlashWaitStates32MXO
                0x00080a26        0x8 /cygdrive/c/Jennic/Components/Library/libHardwareApi_JN516x.a(AHI_System.o)
 .rodata.au8FlashWaitStatesHSRCO
                0x00080a2e        0x8 /cygdrive/c/Jennic/Components/Library/libHardwareApi_JN516x.a(AHI_System.o)
 *fill*         0x00080a36        0x2 00
 .rodata.au32TimerBaseAddress
                0x00080a38       0x14 /cygdrive/c/Jennic/Components/Library/libHardwareApi_JN516x.a(AHI_Timer.o)
 .rodata.au32UartAddrOffset
                0x00080a4c        0x8 /cygdrive/c/Jennic/Components/Library/libHardwareApi_JN516x.a(AHI_Uart.o)
                0x00080a4c                _au32UartAddrOffset
 .rodata.au8SpeedCodeToEepromClkDivisors
                0x00080a54        0x8 /cygdrive/c/Jennic/Components/Library/libPDM_EEPROM_JN516x.a(PDM_EEPROM.o)

.text           0x00080a5c    0x1ddf5
 *(.text*)
 .text.Security_vBuildCommissioningKey
                0x00080a5c       0x21 JIP-Gateway.o
                0x00080a5c                _Security_vBuildCommissioningKey
 .text.vJenNetBeaconUserAuthoriseCallback
                0x00080a7d       0x3a JIP-Gateway.o
 .text.vJenNetAuthoriseCallback
                0x00080ab7       0x2f JIP-Gateway.o
 .text.vToggleActivityLED
                0x00080ae6       0x51 JIP-Gateway.o
 .text.v6LP_PeripheralEvent
                0x00080b37      0x131 JIP-Gateway.o
                0x00080b37                _v6LP_PeripheralEvent
 .text.v6LP_ConfigureNetwork
                0x00080c68       0xe4 JIP-Gateway.o
                0x00080c68                _v6LP_ConfigureNetwork
 .text.vJenNetSetAutomaticProfile
                0x00080d4c      0x18c JIP-Gateway.o
 .text.vProcessDataFromLink
                0x00080ed8      0x34f JIP-Gateway.o
 .text.AppColdStart
                0x00081227      0x497 JIP-Gateway.o
                0x00081227                _AppColdStart
 .text.AppWarmStart
                0x000816be        0x6 JIP-Gateway.o
                0x000816be                _AppWarmStart
 .text.v6LP_DataEvent
                0x000816c4       0x22 JIP-Gateway.o
                0x000816c4                _v6LP_DataEvent
 *fill*         0x000816e6        0x2 00
 .text.vJIP_StackEvent
                0x000816e8      0x3c0 JIP-Gateway.o
                0x000816e8                _vJIP_StackEvent
 .text.vNode_AuthoriseCallback
                0x00081aa8       0x88 JIP-Gateway.o
 .text.vQueue_Init
                0x00081b30        0xf Queue.o
                0x00081b30                _vQueue_Init
 .text.vQueue_Flush
                0x00081b3f        0x9 Queue.o
                0x00081b3f                _vQueue_Flush
 .text.bQueue_Write
                0x00081b48       0x2d Queue.o
                0x00081b48                _bQueue_Write
 .text.bQueue_Read
                0x00081b75       0x33 Queue.o
                0x00081b75                _bQueue_Read
 .text.vUartFlush
                0x00081ba8       0x5d UartBuffered.o
                0x00081ba8                _vUartFlush
 .text.vUartClear
                0x00081c05       0x5d UartBuffered.o
                0x00081c05                _vUartClear
 .text.bUartRead
                0x00081c62        0xf UartBuffered.o
                0x00081c62                _bUartRead
 .text.vUartWrite
                0x00081c71       0x4d UartBuffered.o
                0x00081c71                _vUartWrite
 .text.vUartSetBaudRate
                0x00081cbe       0x88 UartBuffered.o
                0x00081cbe                _vUartSetBaudRate
 .text.vUartInit
                0x00081d46       0x8a UartBuffered.o
                0x00081d46                _vUartInit
 .text.vUartISR
                0x00081dd0       0x66 UartBuffered.o
 .text.u8SL_CalculateCRC
                0x00081e36       0x22 SerialLink.o
 .text.vLogInit
                0x00081e58        0x3 SerialLink.o
 .text.vLogPutch
                0x00081e5b       0x68 SerialLink.o
 .text.vLogFlush
                0x00081ec3       0x20 SerialLink.o
 .text.vLogAssert
                0x00081ee3        0x3 SerialLink.o
 .text.vSL_LogInit
                0x00081ee6       0x32 SerialLink.o
                0x00081ee6                _vSL_LogInit
 .text.vSL_TxByte
                0x00081f18       0x2a SerialLink.o
 .text.vSL_LogSend
                0x00081f42       0xc0 SerialLink.o
                0x00081f42                _vSL_LogSend
 .text.vSL_LogFlush
                0x00082002       0x1c SerialLink.o
                0x00082002                _vSL_LogFlush
 .text.vSL_WriteMessage
                0x0008201e       0x74 SerialLink.o
                0x0008201e                _vSL_WriteMessage
 *fill*         0x00082092        0x2 00
 .text.bSL_ReadMessage
                0x00082094      0x128 SerialLink.o
                0x00082094                _bSL_ReadMessage
 .text.vNum2String64
                0x000821bc       0x3c RADIUS.o
 .text.eRADIUS_Request_Authentication
                0x000821f8      0x1c4 RADIUS.o
                0x000821f8                _eRADIUS_Request_Authentication
 .text.eRADIUS_Init
                0x000823bc       0xe4 RADIUS.o
                0x000823bc                _eRADIUS_Init
 .text.vRADIUS_Tick
                0x000824a0       0x4a RADIUS.o
                0x000824a0                _vRADIUS_Tick
 .text.vRADIUS_HandleDataEvent
                0x000824ea      0x120 RADIUS.o
 .text.md5_process
                0x0008260a      0x72b md5.o
 .text.md5_init
                0x00082d35       0x2d md5.o
                0x00082d35                _md5_init
 .text.md5_append
                0x00082d62       0xa9 md5.o
                0x00082d62                _md5_append
 .text.md5_finish
                0x00082e0b       0x82 md5.o
                0x00082e0b                _md5_finish
 .text.vEXC_Register
                0x00082e8d       0x1b Exceptions.o
                0x00082e8d                _vEXC_Register
 .text.vExceptionHandler
                0x00082ea8       0xcc Exceptions.o
 .text.vException_StackOverflow
                0x00082f74        0x6 Exceptions.o
                0x00082f74                _vException_StackOverflow
 .text.vException_Trap
                0x00082f7a        0x6 Exceptions.o
                0x00082f7a                _vException_Trap
 .text.vException_SysCall
                0x00082f80        0x6 Exceptions.o
                0x00082f80                _vException_SysCall
 .text.vException_IllegalInstruction
                0x00082f86        0x6 Exceptions.o
                0x00082f86                _vException_IllegalInstruction
 .text.vException_UnalignedAccess
                0x00082f8c        0x6 Exceptions.o
                0x00082f8c                _vException_UnalignedAccess
 .text.vException_BusError
                0x00082f92        0x6 Exceptions.o
                0x00082f92                _vException_BusError
 .text.pvHeapAllocOverflowProtect
                0x00082f98       0x21 Exceptions.o
 .text.vModuleEnableDiversity
                0x00082fb9       0x58 ModuleConfig.o
                0x00082fb9                _vModuleEnableDiversity
 .text.bModuleHasAntennaDiversity
                0x00083011       0x15 ModuleConfig.o
                0x00083011                _bModuleHasAntennaDiversity
 .text.bModuleIsHighPower
                0x00083026       0x15 ModuleConfig.o
                0x00083026                _bModuleIsHighPower
 .text.vModuleSetRadioFrontEnd
                0x0008303b       0xaf ModuleConfig.o
                0x0008303b                _vModuleSetRadioFrontEnd
 .text.DBG_vReset
                0x000830ea       0x12 /cygdrive/c/Jennic/Components/Library/libDBG_JN516x.a(dbg.o)
                0x000830ea                _DBG_vReset
 .text.DBG_vInit
                0x000830fc       0x2d /cygdrive/c/Jennic/Components/Library/libDBG_JN516x.a(dbg.o)
                0x000830fc                _DBG_vInit
 .text.vWriteUIntToBuffer
                0x00083129       0x8d /cygdrive/c/Jennic/Components/Library/libDBG_JN516x.a(dbg.o)
 .text.vNewLine
                0x000831b6       0x8a /cygdrive/c/Jennic/Components/Library/libDBG_JN516x.a(dbg.o)
 .text.pccHandlePlaceHolder
                0x00083240      0x419 /cygdrive/c/Jennic/Components/Library/libDBG_JN516x.a(dbg.o)
 .text.dbg_vPrintfImplMain
                0x00083659       0x8b /cygdrive/c/Jennic/Components/Library/libDBG_JN516x.a(dbg.o)
                0x00083659                _dbg_vPrintfImplMain
 .text.dbg_vPrintfImplNoneVerbose
                0x000836e4       0x39 /cygdrive/c/Jennic/Components/Library/libDBG_JN516x.a(dbg.o)
                0x000836e4                _dbg_vPrintfImplNoneVerbose
 .text.psJIP_FindMibVect
                0x0008371d       0x50 /cygdrive/c/Jennic/Components/Library/libJIP_JN516x.a(jip.o)
                0x0008371d                _psJIP_FindMibVect
 .text.psJIP_FindMibIdVect
                0x0008376d       0x6e /cygdrive/c/Jennic/Components/Library/libJIP_JN516x.a(jip.o)
                0x0008376d                _psJIP_FindMibIdVect
 .text.iJIP_FindVarVect
                0x000837db       0x3d /cygdrive/c/Jennic/Components/Library/libJIP_JN516x.a(jip.o)
                0x000837db                _iJIP_FindVarVect
 .text.eJIP_PacketAddVarVect
                0x00083818      0x174 /cygdrive/c/Jennic/Components/Library/libJIP_JN516x.a(jip.o)
                0x00083818                _eJIP_PacketAddVarVect
 .text.pvGetBuffer
                0x0008398c       0x3d /cygdrive/c/Jennic/Components/Library/libJIP_JN516x.a(jip.o)
                0x0008398c                _pvGetBuffer
 .text.eCreateSocket
                0x000839c9       0x67 /cygdrive/c/Jennic/Components/Library/libJIP_JN516x.a(jip.o)
 .text.eJIP_SendStatusVect
                0x00083a30       0x50 /cygdrive/c/Jennic/Components/Library/libJIP_JN516x.a(jip.o)
                0x00083a30                _eJIP_SendStatusVect
 .text.eJIP_SendVarVect
                0x00083a80      0x10e /cygdrive/c/Jennic/Components/Library/libJIP_JN516x.a(jip.o)
                0x00083a80                _eJIP_SendVarVect
 .text.vJIP_Tick
                0x00083b8e        0x6 /cygdrive/c/Jennic/Components/Library/libJIP_JN516x.a(jip.o)
                0x00083b8e                _vJIP_Tick
 .text.eJIP_Init
                0x00083b94       0xae /cygdrive/c/Jennic/Components/Library/libJIP_JN516x.a(jip.o)
                0x00083b94                _eJIP_Init
 .text.eJIP_RegisterMib
                0x00083c42       0x8c /cygdrive/c/Jennic/Components/Library/libJIP_JN516x.a(jip.o)
                0x00083c42                _eJIP_RegisterMib
 .text.eJIP_PacketAddData
                0x00083cce      0x10b /cygdrive/c/Jennic/Components/Library/libJIP_JN516x.a(jip.o)
                0x00083cce                _eJIP_PacketAddData
 .text.vJIP_HandleGetRequestVect
                0x00083dd9       0xea /cygdrive/c/Jennic/Components/Library/libJIP_JN516x.a(jip.o)
                0x00083dd9                _vJIP_HandleGetRequestVect
 *fill*         0x00083ec3        0x1 00
 .text.vJIP_HandleSetRequestVect
                0x00083ec4      0x338 /cygdrive/c/Jennic/Components/Library/libJIP_JN516x.a(jip.o)
                0x00083ec4                _vJIP_HandleSetRequestVect
 .text.vJIP_HandleQueryMibRequestVect
                0x000841fc      0x164 /cygdrive/c/Jennic/Components/Library/libJIP_JN516x.a(jip.o)
                0x000841fc                _vJIP_HandleQueryMibRequestVect
 .text.vJIP_HandleQueryVarRequestVect
                0x00084360      0x222 /cygdrive/c/Jennic/Components/Library/libJIP_JN516x.a(jip.o)
                0x00084360                _vJIP_HandleQueryVarRequestVect
 .text.v6LP_StackEvent
                0x00084582       0x52 /cygdrive/c/Jennic/Components/Library/libJIP_JN516x.a(jip.o)
                0x00084582                _v6LP_StackEvent
 .text.vHandleDataEvent
                0x000845d4      0x190 /cygdrive/c/Jennic/Components/Library/libJIP_JN516x.a(jip.o)
 .text.bFindQueuedTrap
                0x00084764       0x1d /cygdrive/c/Jennic/Components/Library/libJIP_JN516x.a(jip_traps.o)
 .text.vNotifyAllTraps
                0x00084781      0x11f /cygdrive/c/Jennic/Components/Library/libJIP_JN516x.a(jip_traps.o)
                0x00084781                _vNotifyAllTraps
 .text.bTrapSafeToSleep
                0x000848a0       0x24 /cygdrive/c/Jennic/Components/Library/libJIP_JN516x.a(jip_traps.o)
 .text.vStartTrapTimer
                0x000848c4       0x38 /cygdrive/c/Jennic/Components/Library/libJIP_JN516x.a(jip_traps.o)
                0x000848c4                _vStartTrapTimer
 .text.eJIP_AddTrap
                0x000848fc      0x147 /cygdrive/c/Jennic/Components/Library/libJIP_JN516x.a(jip_traps.o)
                0x000848fc                _eJIP_AddTrap
 .text.eJIP_RemoveTrap
                0x00084a43       0xa3 /cygdrive/c/Jennic/Components/Library/libJIP_JN516x.a(jip_traps.o)
                0x00084a43                _eJIP_RemoveTrap
 .text.vJIP_HandleUntrapRequestVect
                0x00084ae6       0x4f /cygdrive/c/Jennic/Components/Library/libJIP_JN516x.a(jip_traps.o)
                0x00084ae6                _vJIP_HandleUntrapRequestVect
 .text.vJIP_NotifyChanged
                0x00084b35       0x2c /cygdrive/c/Jennic/Components/Library/libJIP_JN516x.a(jip_traps.o)
                0x00084b35                _vJIP_NotifyChanged
 .text.vJIP_SetEnabled
                0x00084b61       0x36 /cygdrive/c/Jennic/Components/Library/libJIP_JN516x.a(jip_traps.o)
                0x00084b61                _vJIP_SetEnabled
 .text.vSendTrapNotifyViaQueue
                0x00084b97        0xe /cygdrive/c/Jennic/Components/Library/libJIP_JN516x.a(jip_traps.o)
 .text.eJIP_TrapsInit
                0x00084ba5       0xe7 /cygdrive/c/Jennic/Components/Library/libJIP_JN516x.a(jip_traps.o)
                0x00084ba5                _eJIP_TrapsInit
 .text.vSendTrapNotify
                0x00084c8c       0xe3 /cygdrive/c/Jennic/Components/Library/libJIP_JN516x.a(jip_traps.o)
 .text.vJIP_HandleTrapRequestVect
                0x00084d6f       0x8a /cygdrive/c/Jennic/Components/Library/libJIP_JN516x.a(jip_traps.o)
                0x00084d6f                _vJIP_HandleTrapRequestVect
 .text.vGetLastChange
                0x00084df9       0x11 /cygdrive/c/Jennic/Components/Library/libJIP_JN516x.a(JIP_MIB_Network.o)
 .text.vGetDepth
                0x00084e0a       0x20 /cygdrive/c/Jennic/Components/Library/libJIP_JN516x.a(JIP_MIB_Network.o)
 .text.vGetParentMacAddress
                0x00084e2a       0x43 /cygdrive/c/Jennic/Components/Library/libJIP_JN516x.a(JIP_MIB_Network.o)
 .text.bUniqueEntry
                0x00084e6d       0x86 /cygdrive/c/Jennic/Components/Library/libJIP_JN516x.a(JIP_MIB_Network.o)
 *fill*         0x00084ef3        0x1 00
 .text.vNetworkModule_Update
                0x00084ef4      0x140 /cygdrive/c/Jennic/Components/Library/libJIP_JN516x.a(JIP_MIB_Network.o)
                0x00084ef4                _vNetworkModule_Update
 .text.vGetNetworkInfo
                0x00085034       0x22 /cygdrive/c/Jennic/Components/Library/libJIP_JN516x.a(JIP_MIB_Network.o)
 .text.vDeviceIDPoll
                0x00085056       0xf3 /cygdrive/c/Jennic/Components/Library/libJIP_JN516x.a(JIP_MIB_Network.o)
 .text.vJIP_StartDeviceIDPoll
                0x00085149       0x4d /cygdrive/c/Jennic/Components/Library/libJIP_JN516x.a(JIP_MIB_Network.o)
                0x00085149                _vJIP_StartDeviceIDPoll
 .text.vNetworkModule_Register
                0x00085196       0x7b /cygdrive/c/Jennic/Components/Library/libJIP_JN516x.a(JIP_MIB_Network.o)
                0x00085196                _vNetworkModule_Register
 .text.vGetNetworkTable
                0x00085211      0x16a /cygdrive/c/Jennic/Components/Library/libJIP_JN516x.a(JIP_MIB_Network.o)
                0x00085211                _vGetNetworkTable
 .text.vGetNeighbourTable
                0x0008537b      0x101 /cygdrive/c/Jennic/Components/Library/libJIP_JN516x.a(JIP_MIB_Network.o)
 .text.bDeviceIDPollHandleGetResponse
                0x0008547c       0x93 /cygdrive/c/Jennic/Components/Library/libJIP_JN516x.a(JIP_MIB_Network.o)
 .text.eSetTxPower
                0x0008550f       0x19 /cygdrive/c/Jennic/Components/Library/libJIP_JN516x.a(JIP_MIB_Node.o)
 .text.eSetString
                0x00085528       0x33 /cygdrive/c/Jennic/Components/Library/libJIP_JN516x.a(JIP_MIB_Node.o)
 .text.vGetMacAddress
                0x0008555b       0x1d /cygdrive/c/Jennic/Components/Library/libJIP_JN516x.a(JIP_MIB_Node.o)
 .text.vNodeModule_Register
                0x00085578      0x11b /cygdrive/c/Jennic/Components/Library/libJIP_JN516x.a(JIP_MIB_Node.o)
                0x00085578                _vNodeModule_Register
 .text.vJIP_SetNodeName
                0x00085693       0x60 /cygdrive/c/Jennic/Components/Library/libJIP_JN516x.a(JIP_MIB_Node.o)
                0x00085693                _vJIP_SetNodeName
 .text.bExpandMulticastAddress
                0x000856f3       0x44 /cygdrive/c/Jennic/Components/Library/libJIP_JN516x.a(JIP_MIB_Groups.o)
 .text.vGetBlob
                0x00085737       0x16 /cygdrive/c/Jennic/Components/Library/libJIP_JN516x.a(JIP_MIB_Groups.o)
 .text.bJIP_RemoveGroupAddr
                0x0008574d       0x38 /cygdrive/c/Jennic/Components/Library/libJIP_JN516x.a(JIP_MIB_Groups.o)
                0x0008574d                _bJIP_RemoveGroupAddr
 .text.eClearGroups
                0x00085785       0x52 /cygdrive/c/Jennic/Components/Library/libJIP_JN516x.a(JIP_MIB_Groups.o)
 .text.eRemoveGroup
                0x000857d7       0x29 /cygdrive/c/Jennic/Components/Library/libJIP_JN516x.a(JIP_MIB_Groups.o)
 .text.bJIP_AddGroupAddr
                0x00085800       0x38 /cygdrive/c/Jennic/Components/Library/libJIP_JN516x.a(JIP_MIB_Groups.o)
                0x00085800                _bJIP_AddGroupAddr
 .text.eAddGroup
                0x00085838       0x29 /cygdrive/c/Jennic/Components/Library/libJIP_JN516x.a(JIP_MIB_Groups.o)
 .text.vGroupsModule_Register
                0x00085861        0xc /cygdrive/c/Jennic/Components/Library/libJIP_JN516x.a(JIP_MIB_Groups.o)
                0x00085861                _vGroupsModule_Register
 .text.vGetGroupTable
                0x0008586d       0xe0 /cygdrive/c/Jennic/Components/Library/libJIP_JN516x.a(JIP_MIB_Groups.o)
 .text.eLoadImage
                0x0008594d       0x15 /cygdrive/c/Jennic/Components/Library/libJIP_JN516x.a(JIP_MIB_OND.o)
 .text.vUpdateImageValues
                0x00085962       0x52 /cygdrive/c/Jennic/Components/Library/libJIP_JN516x.a(JIP_MIB_OND.o)
 .text.vGetImage32
                0x000859b4       0x1e /cygdrive/c/Jennic/Components/Library/libJIP_JN516x.a(JIP_MIB_OND.o)
 .text.vGetImage16
                0x000859d2       0x1e /cygdrive/c/Jennic/Components/Library/libJIP_JN516x.a(JIP_MIB_OND.o)
 .text.vGetImage8
                0x000859f0       0x1e /cygdrive/c/Jennic/Components/Library/libJIP_JN516x.a(JIP_MIB_OND.o)
 .text.eStartDownload
                0x00085a0e       0x2f /cygdrive/c/Jennic/Components/Library/libJIP_JN516x.a(JIP_MIB_OND.o)
 .text.vONDModule_Register
                0x00085a3d       0x1a /cygdrive/c/Jennic/Components/Library/libJIP_JN516x.a(JIP_MIB_OND.o)
                0x00085a3d                _vONDModule_Register
 .text.vGetImageTable
                0x00085a57       0xe0 /cygdrive/c/Jennic/Components/Library/libJIP_JN516x.a(JIP_MIB_OND.o)
 .text.vJIP_SetDeviceTypes
                0x00085b37       0x2a /cygdrive/c/Jennic/Components/Library/libJIP_JN516x.a(JIP_MIB_Device.o)
                0x00085b37                _vJIP_SetDeviceTypes
 .text.vGetDeviceTypes
                0x00085b61       0x11 /cygdrive/c/Jennic/Components/Library/libJIP_JN516x.a(JIP_MIB_Device.o)
 .text.vDeviceModule_Register
                0x00085b72       0x1a /cygdrive/c/Jennic/Components/Library/libJIP_JN516x.a(JIP_MIB_Device.o)
                0x00085b72                _vDeviceModule_Register
 .text.eSetUint16
                0x00085b8c        0x8 /cygdrive/c/Jennic/Components/Library/libJIP_JN516x.a(AccessFunctions.o)
                0x00085b8c                _eSetUint16
 .text.eSetUint32
                0x00085b94        0x8 /cygdrive/c/Jennic/Components/Library/libJIP_JN516x.a(AccessFunctions.o)
                0x00085b94                _eSetUint32
 .text.vGetString
                0x00085b9c       0x20 /cygdrive/c/Jennic/Components/Library/libJIP_JN516x.a(AccessFunctions.o)
                0x00085b9c                _vGetString
 .text.vGetUint32
                0x00085bbc        0xa /cygdrive/c/Jennic/Components/Library/libJIP_JN516x.a(AccessFunctions.o)
                0x00085bbc                _vGetUint32
 .text.vGetUint8
                0x00085bc6        0xa /cygdrive/c/Jennic/Components/Library/libJIP_JN516x.a(AccessFunctions.o)
                0x00085bc6                _vGetUint8
 .text.vHandleTrapResponse
                0x00085bd0       0x22 /cygdrive/c/Jennic/Components/Library/libJIP_JN516x.a(jip_remote.o)
                0x00085bd0                _vHandleTrapResponse
 .text.vHandleSetResponse
                0x00085bf2       0x22 /cygdrive/c/Jennic/Components/Library/libJIP_JN516x.a(jip_remote.o)
                0x00085bf2                _vHandleSetResponse
 .text.eJIP_Remote_TableGet
                0x00085c14       0x95 /cygdrive/c/Jennic/Components/Library/libJIP_JN516x.a(jip_remote.o)
                0x00085c14                _eJIP_Remote_TableGet
 .text.vJIP_HandleGetResponseVect
                0x00085ca9      0x1ec /cygdrive/c/Jennic/Components/Library/libJIP_JN516x.a(jip_remote.o)
                0x00085ca9                _vJIP_HandleGetResponseVect
 .text.vHandleQueryMibResponse
                0x00085e95       0x86 /cygdrive/c/Jennic/Components/Library/libJIP_JN516x.a(jip_remote.o)
                0x00085e95                _vHandleQueryMibResponse
 .text.vHandleQueryVarResponse
                0x00085f1b       0x83 /cygdrive/c/Jennic/Components/Library/libJIP_JN516x.a(jip_remote.o)
                0x00085f1b                _vHandleQueryVarResponse
 .text.u32_6LP_DefGetErrNo
                0x00085f9e        0xc /cygdrive/c/Jennic/Components/Library/lib6LP_JN516x.a(ErrNo.o)
                0x00085f9e                _u32_6LP_DefGetErrNo
 .text.e6LP_GetLinkLayer
                0x00085faa        0xc /cygdrive/c/Jennic/Components/Library/lib6LP_JN516x.a(6LPcommon.o)
                0x00085faa                _e6LP_GetLinkLayer
 .text.e6LP_GetDeviceType
                0x00085fb6        0xc /cygdrive/c/Jennic/Components/Library/lib6LP_JN516x.a(6LPcommon.o)
                0x00085fb6                _e6LP_GetDeviceType
 .text.u8RX_getDefaultHopCount
                0x00085fc2        0xc /cygdrive/c/Jennic/Components/Library/lib6LP_JN516x.a(6LPcommon.o)
                0x00085fc2                _u8RX_getDefaultHopCount
 .text.b6LP_SetMaxAllowableMTU
                0x00085fce       0x2a /cygdrive/c/Jennic/Components/Library/lib6LP_JN516x.a(6LPcommon.o)
                0x00085fce                _b6LP_SetMaxAllowableMTU
 .text.bo6LP_Set80215payloadLength
                0x00085ff8       0x18 /cygdrive/c/Jennic/Components/Library/lib6LP_JN516x.a(6LPcommon.o)
                0x00085ff8                _bo6LP_Set80215payloadLength
 .text.v6LP_DefSetPacketDefragTimeout
                0x00086010        0xc /cygdrive/c/Jennic/Components/Library/lib6LP_JN516x.a(6LPcommon.o)
                0x00086010                _v6LP_DefSetPacketDefragTimeout
 .text.psGetMacBuffer
                0x0008601c        0x9 /cygdrive/c/Jennic/Components/Library/lib6LP_JN516x.a(NetworkFormation.o)
 .text.i6LP_DefInitStack
                0x00086025       0xf2 /cygdrive/c/Jennic/Components/Library/lib6LP_JN516x.a(NetworkFormation.o)
                0x00086025                _i6LP_DefInitStack
 .text.vPostMcps
                0x00086117       0x17 /cygdrive/c/Jennic/Components/Library/lib6LP_JN516x.a(NetworkFormation.o)
 .text.vPostMlme
                0x0008612e       0x17 /cygdrive/c/Jennic/Components/Library/lib6LP_JN516x.a(NetworkFormation.o)
 .text.v6LP_DefInitHardware
                0x00086145       0xa9 /cygdrive/c/Jennic/Components/Library/lib6LP_JN516x.a(NetworkFormation.o)
                0x00086145                _v6LP_DefInitHardware
 .text.vUartHandler
                0x000861ee       0x38 /cygdrive/c/Jennic/Components/Library/lib6LP_JN516x.a(NetworkFormation.o)
 .text.v6LP_RouteHwEvent
                0x00086226       0x18 /cygdrive/c/Jennic/Components/Library/lib6LP_JN516x.a(NetworkFormation.o)
                0x00086226                _v6LP_RouteHwEvent
 .text.v6LP_SetNwkCallback
                0x0008623e        0x9 /cygdrive/c/Jennic/Components/Library/lib6LP_JN516x.a(NetworkFormationTree.o)
                0x0008623e                _v6LP_SetNwkCallback
 .text.vHandleNwkCallback
                0x00086247       0x30 /cygdrive/c/Jennic/Components/Library/lib6LP_JN516x.a(NetworkFormationTree.o)
 .text.v6LP_SetUserData
                0x00086277       0x21 /cygdrive/c/Jennic/Components/Library/lib6LP_JN516x.a(NetworkFormationTree.o)
                0x00086277                _v6LP_SetUserData
 .text.v6LP_EDM_SetAddressPrefix
                0x00086298       0x2f /cygdrive/c/Jennic/Components/Library/lib6LP_JN516x.a(NetworkFormationTree.o)
                0x00086298                _v6LP_EDM_SetAddressPrefix
 .text.v6LP_EnableSecurity
                0x000862c7       0x1d /cygdrive/c/Jennic/Components/Library/lib6LP_JN516x.a(NetworkFormationTree.o)
                0x000862c7                _v6LP_EnableSecurity
 .text.v6LP_ProcessJenNetStackEvent
                0x000862e4      0x252 /cygdrive/c/Jennic/Components/Library/lib6LP_JN516x.a(NetworkFormationTree.o)
                0x000862e4                _v6LP_ProcessJenNetStackEvent
 .text.v6LP_TreeProcessMlme
                0x00086536       0x18 /cygdrive/c/Jennic/Components/Library/lib6LP_JN516x.a(NetworkFormationTree.o)
                0x00086536                _v6LP_TreeProcessMlme
 .text.v6LP_TreeProcessMcps
                0x0008654e       0x18 /cygdrive/c/Jennic/Components/Library/lib6LP_JN516x.a(NetworkFormationTree.o)
                0x0008654e                _v6LP_TreeProcessMcps
 .text.i6LP_StartTreeStack
                0x00086566       0xa3 /cygdrive/c/Jennic/Components/Library/lib6LP_JN516x.a(NetworkFormationTree.o)
                0x00086566                _i6LP_StartTreeStack
 .text.vEUI_GetAddressPrefix
                0x00086609       0x15 /cygdrive/c/Jennic/Components/Library/lib6LP_JN516x.a(eui.o)
                0x00086609                _vEUI_GetAddressPrefix
 .text.vEUI_SetPANid
                0x0008661e        0xc /cygdrive/c/Jennic/Components/Library/lib6LP_JN516x.a(eui.o)
                0x0008661e                _vEUI_SetPANid
 .text.vEUI_GenerateEUI64
                0x0008662a       0x15 /cygdrive/c/Jennic/Components/Library/lib6LP_JN516x.a(eui.o)
                0x0008662a                _vEUI_GenerateEUI64
 .text.vEUI_GenerateInterfaceIdFromMacAddr
                0x0008663f       0x18 /cygdrive/c/Jennic/Components/Library/lib6LP_JN516x.a(eui.o)
                0x0008663f                _vEUI_GenerateInterfaceIdFromMacAddr
 .text.i6LP_DefCreateInterfaceIdFrom16
                0x00086657       0x27 /cygdrive/c/Jennic/Components/Library/lib6LP_JN516x.a(eui.o)
                0x00086657                _i6LP_DefCreateInterfaceIdFrom16
 .text.vEUI_CompressDestIPv6
                0x0008667e      0x135 /cygdrive/c/Jennic/Components/Library/lib6LP_JN516x.a(eui.o)
                0x0008667e                _vEUI_CompressDestIPv6
 .text.vEUI_CopyToArray
                0x000867b3        0xf /cygdrive/c/Jennic/Components/Library/lib6LP_JN516x.a(eui.o)
                0x000867b3                _vEUI_CopyToArray
 .text.eEUI_CompareMulticast
                0x000867c2       0xe7 /cygdrive/c/Jennic/Components/Library/lib6LP_JN516x.a(eui.o)
                0x000867c2                _eEUI_CompareMulticast
 .text.eEUI_CompareWithPrefix
                0x000868a9       0x45 /cygdrive/c/Jennic/Components/Library/lib6LP_JN516x.a(eui.o)
                0x000868a9                _eEUI_CompareWithPrefix
 .text.eEUI_CompareWithDeviceAddress
                0x000868ee       0x6c /cygdrive/c/Jennic/Components/Library/lib6LP_JN516x.a(eui.o)
                0x000868ee                _eEUI_CompareWithDeviceAddress
 .text.vEUI_CompressIPv6
                0x0008695a       0x6d /cygdrive/c/Jennic/Components/Library/lib6LP_JN516x.a(eui.o)
                0x0008695a                _vEUI_CompressIPv6
 .text.vEUI_GetLocalPrefix
                0x000869c7       0x15 /cygdrive/c/Jennic/Components/Library/lib6LP_JN516x.a(eui.o)
                0x000869c7                _vEUI_GetLocalPrefix
 .text.i6LP_DefCreateInterfaceIdFrom64
                0x000869dc       0x24 /cygdrive/c/Jennic/Components/Library/lib6LP_JN516x.a(eui.o)
                0x000869dc                _i6LP_DefCreateInterfaceIdFrom64
 .text.vEUI_CreateEUIdataManager
                0x00086a00       0x45 /cygdrive/c/Jennic/Components/Library/lib6LP_JN516x.a(eui.o)
                0x00086a00                _vEUI_CreateEUIdataManager
 .text.vEUI_SetAddressPrefix
                0x00086a45       0x12 /cygdrive/c/Jennic/Components/Library/lib6LP_JN516x.a(eui.o)
                0x00086a45                _vEUI_SetAddressPrefix
 .text.i6LP_DefCreateLinkLocalAddress
                0x00086a57       0x27 /cygdrive/c/Jennic/Components/Library/lib6LP_JN516x.a(eui.o)
                0x00086a57                _i6LP_DefCreateLinkLocalAddress
 .text.i6LP_DefGetOwnDeviceAddress
                0x00086a7e       0x45 /cygdrive/c/Jennic/Components/Library/lib6LP_JN516x.a(eui.o)
                0x00086a7e                _i6LP_DefGetOwnDeviceAddress
 .text.i6LP_DefIpRecvFrom
                0x00086ac3       0xa4 /cygdrive/c/Jennic/Components/Library/lib6LP_JN516x.a(gateway.o)
                0x00086ac3                _i6LP_DefIpRecvFrom
 .text.i6LP_DefIpSendTo
                0x00086b67      0x256 /cygdrive/c/Jennic/Components/Library/lib6LP_JN516x.a(gateway.o)
                0x00086b67                _i6LP_DefIpSendTo
 .text.iIPv6_InitialiseIPv6bufferStatus
                0x00086dbd       0x3f /cygdrive/c/Jennic/Components/Library/lib6LP_JN516x.a(ipv6.o)
                0x00086dbd                _iIPv6_InitialiseIPv6bufferStatus
 .text.iIPv6_SwapSourceAndDestinationAddresses
                0x00086dfc       0x37 /cygdrive/c/Jennic/Components/Library/lib6LP_JN516x.a(ipv6.o)
                0x00086dfc                _iIPv6_SwapSourceAndDestinationAddresses
 .text.iIPv6_GetIPv6packetSize
                0x00086e33       0x53 /cygdrive/c/Jennic/Components/Library/lib6LP_JN516x.a(ipv6.o)
                0x00086e33                _iIPv6_GetIPv6packetSize
 .text.iIPv6_GetUncompressedHeaderSize
                0x00086e86       0x4f /cygdrive/c/Jennic/Components/Library/lib6LP_JN516x.a(ipv6.o)
                0x00086e86                _iIPv6_GetUncompressedHeaderSize
 .text.iIPv6_GetUncompressedIPv6packetSize
                0x00086ed5       0x3a /cygdrive/c/Jennic/Components/Library/lib6LP_JN516x.a(ipv6.o)
                0x00086ed5                _iIPv6_GetUncompressedIPv6packetSize
 .text.iIPv6_GetIPv6headerSize
                0x00086f0f       0x54 /cygdrive/c/Jennic/Components/Library/lib6LP_JN516x.a(ipv6.o)
                0x00086f0f                _iIPv6_GetIPv6headerSize
 .text.iIPv6_GetDataExtensionHeaderSize
                0x00086f63       0x5f /cygdrive/c/Jennic/Components/Library/lib6LP_JN516x.a(ipv6.o)
                0x00086f63                _iIPv6_GetDataExtensionHeaderSize
 .text.iIPv6_GetProtocolSourcePortNumber
                0x00086fc2       0x43 /cygdrive/c/Jennic/Components/Library/lib6LP_JN516x.a(ipv6.o)
                0x00086fc2                _iIPv6_GetProtocolSourcePortNumber
 .text.iIPv6_WriteDataIntoStructure
                0x00087005       0x66 /cygdrive/c/Jennic/Components/Library/lib6LP_JN516x.a(ipv6.o)
                0x00087005                _iIPv6_WriteDataIntoStructure
 .text.iIPv6_WriteDataExtensionHeaderIntoBuffer
                0x0008706b       0x7e /cygdrive/c/Jennic/Components/Library/lib6LP_JN516x.a(ipv6.o)
                0x0008706b                _iIPv6_WriteDataExtensionHeaderIntoBuffer
 .text.iIPv6_WriteDataExtensionHeaderIntoStructure
                0x000870e9       0x75 /cygdrive/c/Jennic/Components/Library/lib6LP_JN516x.a(ipv6.o)
                0x000870e9                _iIPv6_WriteDataExtensionHeaderIntoStructure
 .text.iIPv6_TransmitIPv6packet
                0x0008715e       0xfb /cygdrive/c/Jennic/Components/Library/lib6LP_JN516x.a(ipv6.o)
                0x0008715e                _iIPv6_TransmitIPv6packet
 .text.iIPv6_FillInIPv6header
                0x00087259       0x63 /cygdrive/c/Jennic/Components/Library/lib6LP_JN516x.a(ipv6.o)
                0x00087259                _iIPv6_FillInIPv6header
 .text.iIPv6_sendto
                0x000872bc      0x10f /cygdrive/c/Jennic/Components/Library/lib6LP_JN516x.a(ipv6.o)
                0x000872bc                _iIPv6_sendto
 .text.u16_6LP_DefGetSizeOfIPv6Record
                0x000873cb       0x16 /cygdrive/c/Jennic/Components/Library/lib6LP_JN516x.a(ipv6buffer.o)
                0x000873cb                _u16_6LP_DefGetSizeOfIPv6Record
 .text.u16_6LP_GetNumberOfAvailableIPv6Buffers
                0x000873e1        0xc /cygdrive/c/Jennic/Components/Library/lib6LP_JN516x.a(ipv6buffer.o)
                0x000873e1                _u16_6LP_GetNumberOfAvailableIPv6Buffers
 .text.boAddressSearchMatch
                0x000873ed        0xf /cygdrive/c/Jennic/Components/Library/lib6LP_JN516x.a(ipv6buffer.o)
 .text.boBufferByTagIdAndSrcAddrSearchMatch
                0x000873fc       0x66 /cygdrive/c/Jennic/Components/Library/lib6LP_JN516x.a(ipv6buffer.o)
 .text.boBufferReadyToTXSearchMatch
                0x00087462       0x14 /cygdrive/c/Jennic/Components/Library/lib6LP_JN516x.a(ipv6buffer.o)
 .text.boBufferByHandleSearchMatch
                0x00087476       0x25 /cygdrive/c/Jennic/Components/Library/lib6LP_JN516x.a(ipv6buffer.o)
 .text.iIPv6_SearchForBufferByHandleId
                0x0008749b       0x65 /cygdrive/c/Jennic/Components/Library/lib6LP_JN516x.a(ipv6buffer.o)
                0x0008749b                _iIPv6_SearchForBufferByHandleId
 .text.iIPv6_SearchForBufferReadyToTX
                0x00087500       0x61 /cygdrive/c/Jennic/Components/Library/lib6LP_JN516x.a(ipv6buffer.o)
                0x00087500                _iIPv6_SearchForBufferReadyToTX
 .text.iIPv6_SearchForBufferByTagIdAndSrcAddr
                0x00087561       0x6b /cygdrive/c/Jennic/Components/Library/lib6LP_JN516x.a(ipv6buffer.o)
                0x00087561                _iIPv6_SearchForBufferByTagIdAndSrcAddr
 .text.iIPv6_SearchForBufferByAddress
                0x000875cc       0x68 /cygdrive/c/Jennic/Components/Library/lib6LP_JN516x.a(ipv6buffer.o)
                0x000875cc                _iIPv6_SearchForBufferByAddress
 .text.vIPv6_CopyPacketBuffer
                0x00087634       0x4e /cygdrive/c/Jennic/Components/Library/lib6LP_JN516x.a(ipv6buffer.o)
                0x00087634                _vIPv6_CopyPacketBuffer
 .text.iIPv6_FreeIPv6packetBuffer
                0x00087682       0x81 /cygdrive/c/Jennic/Components/Library/lib6LP_JN516x.a(ipv6buffer.o)
                0x00087682                _iIPv6_FreeIPv6packetBuffer
 .text.iIPv6_GetIPv6packetBuffer
                0x00087703       0x8b /cygdrive/c/Jennic/Components/Library/lib6LP_JN516x.a(ipv6buffer.o)
                0x00087703                _iIPv6_GetIPv6packetBuffer
 .text.i6LP_DefGetDataBuffer
                0x0008778e       0x3c /cygdrive/c/Jennic/Components/Library/lib6LP_JN516x.a(ipv6buffer.o)
                0x0008778e                _i6LP_DefGetDataBuffer
 .text.iIPv6_CreateIPv6BufferManager
                0x000877ca       0xb1 /cygdrive/c/Jennic/Components/Library/lib6LP_JN516x.a(ipv6buffer.o)
                0x000877ca                _iIPv6_CreateIPv6BufferManager
 .text.iIPv6_CalculateIPv6AddressChecksum
                0x0008787b       0x3b /cygdrive/c/Jennic/Components/Library/lib6LP_JN516x.a(ipv6checksum.o)
                0x0008787b                _iIPv6_CalculateIPv6AddressChecksum
 .text.iIPv6_CalculateIPv6PseudoHeaderChecksum
                0x000878b6       0x4e /cygdrive/c/Jennic/Components/Library/lib6LP_JN516x.a(ipv6checksum.o)
                0x000878b6                _iIPv6_CalculateIPv6PseudoHeaderChecksum
 .text.u32IPv6_CalculatePayloadDataChecksum
                0x00087904       0x43 /cygdrive/c/Jennic/Components/Library/lib6LP_JN516x.a(ipv6checksum.o)
                0x00087904                _u32IPv6_CalculatePayloadDataChecksum
 .text.u16IPv6_Truncate32bitChecksumTo16bit
                0x00087947       0x23 /cygdrive/c/Jennic/Components/Library/lib6LP_JN516x.a(ipv6checksum.o)
                0x00087947                _u16IPv6_Truncate32bitChecksumTo16bit
 .text.iIPv6_CalculateDataChecksum
                0x0008796a       0x5b /cygdrive/c/Jennic/Components/Library/lib6LP_JN516x.a(ipv6checksum.o)
                0x0008796a                _iIPv6_CalculateDataChecksum
 .text.boIPv6_VerifyIPv6DataChecksum
                0x000879c5       0x5f /cygdrive/c/Jennic/Components/Library/lib6LP_JN516x.a(ipv6checksum.o)
                0x000879c5                _boIPv6_VerifyIPv6DataChecksum
 .text.b6LP_HandleRxEvent
                0x00087a24       0x1f /cygdrive/c/Jennic/Components/Library/lib6LP_JN516x.a(receive.o)
                0x00087a24                _b6LP_HandleRxEvent
 .text.iWriteIPv6andDataHeaders
                0x00087a43       0xb7 /cygdrive/c/Jennic/Components/Library/lib6LP_JN516x.a(receive.o)
                0x00087a43                _iWriteIPv6andDataHeaders
 .text.vRX_initialiseDatagramRecord
                0x00087afa       0x1d /cygdrive/c/Jennic/Components/Library/lib6LP_JN516x.a(receive.o)
 .text.vTSV_DefragTimerFired
                0x00087b17       0x19 /cygdrive/c/Jennic/Components/Library/lib6LP_JN516x.a(receive.o)
                0x00087b17                _vTSV_DefragTimerFired
 .text.vRouteViaHigherLayer
                0x00087b30       0x50 /cygdrive/c/Jennic/Components/Library/lib6LP_JN516x.a(receive.o)
 .text.iPacketRxComplete
                0x00087b80      0x246 /cygdrive/c/Jennic/Components/Library/lib6LP_JN516x.a(receive.o)
                0x00087b80                _iPacketRxComplete
 .text.vRX_HandleHeaderError
                0x00087dc6       0x99 /cygdrive/c/Jennic/Components/Library/lib6LP_JN516x.a(receive.o)
 .text.iRX_receiveData
                0x00087e5f      0x28f /cygdrive/c/Jennic/Components/Library/lib6LP_JN516x.a(receive.o)
                0x00087e5f                _iRX_receiveData
 .text.boPortSearchMatch
                0x000880ee       0x11 /cygdrive/c/Jennic/Components/Library/lib6LP_JN516x.a(socket.o)
 .text.i6LP_SetSocketDataEventHandler
                0x000880ff       0x2b /cygdrive/c/Jennic/Components/Library/lib6LP_JN516x.a(socket.o)
                0x000880ff                _i6LP_SetSocketDataEventHandler
 .text.boIdSearchMatch
                0x0008812a       0x11 /cygdrive/c/Jennic/Components/Library/lib6LP_JN516x.a(socket.o)
 .text.iSearchForId
                0x0008813b       0x4e /cygdrive/c/Jennic/Components/Library/lib6LP_JN516x.a(socket.o)
                0x0008813b                _iSearchForId
 .text.iCheckSocketParameters
                0x00088189       0x3b /cygdrive/c/Jennic/Components/Library/lib6LP_JN516x.a(socket.o)
 .text.iSearchForPort
                0x000881c4       0x53 /cygdrive/c/Jennic/Components/Library/lib6LP_JN516x.a(socket.o)
                0x000881c4                _iSearchForPort
 .text.vHandleDataEvent
                0x00088217       0x43 /cygdrive/c/Jennic/Components/Library/lib6LP_JN516x.a(socket.o)
                0x00088217                _vHandleDataEvent
 .text.u8GetChangedButUnnotifiedGroups
                0x0008825a       0x57 /cygdrive/c/Jennic/Components/Library/lib6LP_JN516x.a(socket.o)
 .text.iCopyDataToUserBuffer
                0x000882b1       0x79 /cygdrive/c/Jennic/Components/Library/lib6LP_JN516x.a(socket.o)
                0x000882b1                _iCopyDataToUserBuffer
 .text.i6LP_GetSocketLastDestination
                0x0008832a       0x46 /cygdrive/c/Jennic/Components/Library/lib6LP_JN516x.a(socket.o)
                0x0008832a                _i6LP_GetSocketLastDestination
 .text.i6LP_DefBind
                0x00088370       0x7c /cygdrive/c/Jennic/Components/Library/lib6LP_JN516x.a(socket.o)
                0x00088370                _i6LP_DefBind
 .text.i6LP_DefSocket
                0x000883ec       0x8f /cygdrive/c/Jennic/Components/Library/lib6LP_JN516x.a(socket.o)
                0x000883ec                _i6LP_DefSocket
 .text.i6LP_DefRecvFrom
                0x0008847b       0xa5 /cygdrive/c/Jennic/Components/Library/lib6LP_JN516x.a(socket.o)
                0x0008847b                _i6LP_DefRecvFrom
 .text.i6LP_SocketListGroupAddr
                0x00088520       0x74 /cygdrive/c/Jennic/Components/Library/lib6LP_JN516x.a(socket.o)
                0x00088520                _i6LP_SocketListGroupAddr
 .text.v6LP_SocketGroupChangeAcked
                0x00088594       0xd4 /cygdrive/c/Jennic/Components/Library/lib6LP_JN516x.a(socket.o)
                0x00088594                _v6LP_SocketGroupChangeAcked
 .text.i6LP_SocketRemoveGroupAddr
                0x00088668       0xd4 /cygdrive/c/Jennic/Components/Library/lib6LP_JN516x.a(socket.o)
                0x00088668                _i6LP_SocketRemoveGroupAddr
 .text.i6LP_SocketAddGroupAddr
                0x0008873c       0xe5 /cygdrive/c/Jennic/Components/Library/lib6LP_JN516x.a(socket.o)
                0x0008873c                _i6LP_SocketAddGroupAddr
 .text.v6LP_SocketTick
                0x00088821       0xe6 /cygdrive/c/Jennic/Components/Library/lib6LP_JN516x.a(socket.o)
                0x00088821                _v6LP_SocketTick
 .text.i6LP_DefSendTo
                0x00088907       0xae /cygdrive/c/Jennic/Components/Library/lib6LP_JN516x.a(socket.o)
                0x00088907                _i6LP_DefSendTo
 .text.v6LP_CreateSocketManager
                0x000889b5      0x133 /cygdrive/c/Jennic/Components/Library/lib6LP_JN516x.a(socket.o)
                0x000889b5                _v6LP_CreateSocketManager
 .text.vIPv6_CreateTransmitManager
                0x00088ae8        0xc /cygdrive/c/Jennic/Components/Library/lib6LP_JN516x.a(transmit.o)
                0x00088ae8                _vIPv6_CreateTransmitManager
 .text.vTX_AttemptTransmit
                0x00088af4       0x21 /cygdrive/c/Jennic/Components/Library/lib6LP_JN516x.a(transmit.o)
                0x00088af4                _vTX_AttemptTransmit
 .text.iTX_SendPacketTransmissionCompleteEvent
                0x00088b15       0x72 /cygdrive/c/Jennic/Components/Library/lib6LP_JN516x.a(transmit.o)
                0x00088b15                _iTX_SendPacketTransmissionCompleteEvent
 .text.iTX_TransmitDataOriginal
                0x00088b87       0xc9 /cygdrive/c/Jennic/Components/Library/lib6LP_JN516x.a(transmit.o)
                0x00088b87                _iTX_TransmitDataOriginal
 .text.vHandleTxEvent
                0x00088c50       0x75 /cygdrive/c/Jennic/Components/Library/lib6LP_JN516x.a(transmit.o)
                0x00088c50                _vHandleTxEvent
 .text.iUDP_BuildUDPpacket
                0x00088cc5       0x1b /cygdrive/c/Jennic/Components/Library/lib6LP_JN516x.a(udp.o)
                0x00088cc5                _iUDP_BuildUDPpacket
 .text.vUDP_CompressUDPHeader
                0x00088ce0       0x4b /cygdrive/c/Jennic/Components/Library/lib6LP_JN516x.a(udp.o)
                0x00088ce0                _vUDP_CompressUDPHeader
 .text.iUDP_GetUDPheaderSize
                0x00088d2b       0x46 /cygdrive/c/Jennic/Components/Library/lib6LP_JN516x.a(udp.o)
                0x00088d2b                _iUDP_GetUDPheaderSize
 .text.u16UDP_CalculateUDPheaderChecksum
                0x00088d71       0x5b /cygdrive/c/Jennic/Components/Library/lib6LP_JN516x.a(udp.o)
                0x00088d71                _u16UDP_CalculateUDPheaderChecksum
 .text.iUDP_WriteUDPheaderIntoStructure
                0x00088dcc       0xef /cygdrive/c/Jennic/Components/Library/lib6LP_JN516x.a(udp.o)
                0x00088dcc                _iUDP_WriteUDPheaderIntoStructure
 .text.iUDP_WriteUDPheaderIntoBuffer
                0x00088ebb       0xba /cygdrive/c/Jennic/Components/Library/lib6LP_JN516x.a(udp.o)
                0x00088ebb                _iUDP_WriteUDPheaderIntoBuffer
 .text.u8GroupAddUnique
                0x00088f75       0x45 /cygdrive/c/Jennic/Components/Library/lib6LP_JN516x.a(groupcast.o)
 .text.u8DecompressAddrs
                0x00088fba       0x72 /cygdrive/c/Jennic/Components/Library/lib6LP_JN516x.a(groupcast.o)
 .text.bGenerateMLDv2internal
                0x0008902c      0x169 /cygdrive/c/Jennic/Components/Library/lib6LP_JN516x.a(groupcast.o)
 .text.bGenerateMLDv2
                0x00089195       0x23 /cygdrive/c/Jennic/Components/Library/lib6LP_JN516x.a(groupcast.o)
 .text.u8CompressAddrs
                0x000891b8       0xde /cygdrive/c/Jennic/Components/Library/lib6LP_JN516x.a(groupcast.o)
 .text.bGenerateJenNetGcastInfo
                0x00089296       0x6c /cygdrive/c/Jennic/Components/Library/lib6LP_JN516x.a(groupcast.o)
 .text.vGroupcastEvent
                0x00089302      0x1f4 /cygdrive/c/Jennic/Components/Library/lib6LP_JN516x.a(groupcast.o)
                0x00089302                _vGroupcastEvent
 .text.bGroupcastNotify
                0x000894f6       0x77 /cygdrive/c/Jennic/Components/Library/lib6LP_JN516x.a(groupcast.o)
                0x000894f6                _bGroupcastNotify
 .text.vGroupcastTimerFired
                0x0008956d       0xd1 /cygdrive/c/Jennic/Components/Library/lib6LP_JN516x.a(groupcast.o)
                0x0008956d                _vGroupcastTimerFired
 .text.vGroupcastReportingInit
                0x0008963e       0x7b /cygdrive/c/Jennic/Components/Library/lib6LP_JN516x.a(groupcast.o)
                0x0008963e                _vGroupcastReportingInit
 .text.vGroupcastFrameCommandHandler
                0x000896b9       0x3d /cygdrive/c/Jennic/Components/Library/lib6LP_JN516x.a(groupcast.o)
 .text.v6LP_QueueAddToTimerQueue
                0x000896f6       0x44 /cygdrive/c/Jennic/Components/Library/lib6LP_JN516x.a(6LPQueue.o)
                0x000896f6                _v6LP_QueueAddToTimerQueue
 .text.vTSV_DefragTimerFiredQueue
                0x0008973a        0xe /cygdrive/c/Jennic/Components/Library/lib6LP_JN516x.a(6LPQueue.o)
                0x0008973a                _vTSV_DefragTimerFiredQueue
 .text.vGroupcastTimerFiredQueue
                0x00089748        0xe /cygdrive/c/Jennic/Components/Library/lib6LP_JN516x.a(6LPQueue.o)
                0x00089748                _vGroupcastTimerFiredQueue
 .text.v6LP_QueueRemoveDefragTimer
                0x00089756       0x6e /cygdrive/c/Jennic/Components/Library/lib6LP_JN516x.a(6LPQueue.o)
                0x00089756                _v6LP_QueueRemoveDefragTimer
 .text.v6LP_ProcessStackEvent
                0x000897c4       0x8b /cygdrive/c/Jennic/Components/Library/lib6LP_JN516x.a(6LPQueue.o)
                0x000897c4                _v6LP_ProcessStackEvent
 .text.v6LP_QueueInit
                0x0008984f       0x61 /cygdrive/c/Jennic/Components/Library/lib6LP_JN516x.a(6LPQueue.o)
                0x0008984f                _v6LP_QueueInit
 .text.v6LP_Tick
                0x000898b0       0xf6 /cygdrive/c/Jennic/Components/Library/lib6LP_JN516x.a(6LPQueue.o)
                0x000898b0                _v6LP_Tick
 .text.vDLISTinitialise
                0x000899a6        0x9 /cygdrive/c/Jennic/Components/Library/lib6LP_JN516x.a(dlist.o)
                0x000899a6                _vDLISTinitialise
 .text.psDLISTgetHead
                0x000899af        0x6 /cygdrive/c/Jennic/Components/Library/lib6LP_JN516x.a(dlist.o)
                0x000899af                _psDLISTgetHead
 .text.psDLISTgetTail
                0x000899b5        0x6 /cygdrive/c/Jennic/Components/Library/lib6LP_JN516x.a(dlist.o)
                0x000899b5                _psDLISTgetTail
 .text.psDLISTgetNext
                0x000899bb        0x6 /cygdrive/c/Jennic/Components/Library/lib6LP_JN516x.a(dlist.o)
                0x000899bb                _psDLISTgetNext
 .text.vDLISTaddToHead
                0x000899c1       0x29 /cygdrive/c/Jennic/Components/Library/lib6LP_JN516x.a(dlist.o)
                0x000899c1                _vDLISTaddToHead
 .text.psDLISTremoveFromTail
                0x000899ea       0x30 /cygdrive/c/Jennic/Components/Library/lib6LP_JN516x.a(dlist.o)
                0x000899ea                _psDLISTremoveFromTail
 .text.psDLISTremoveFromHead
                0x00089a1a       0x2b /cygdrive/c/Jennic/Components/Library/lib6LP_JN516x.a(dlist.o)
                0x00089a1a                _psDLISTremoveFromHead
 .text.boDLISTisEmpty
                0x00089a45       0x20 /cygdrive/c/Jennic/Components/Library/lib6LP_JN516x.a(dlist.o)
                0x00089a45                _boDLISTisEmpty
 .text.psSearchList
                0x00089a65       0x2d /cygdrive/c/Jennic/Components/Library/lib6LP_JN516x.a(dlist.o)
 .text.psDLISTsearchFromHead
                0x00089a92        0xb /cygdrive/c/Jennic/Components/Library/lib6LP_JN516x.a(dlist.o)
                0x00089a92                _psDLISTsearchFromHead
 .text.psDLISTsearchForward
                0x00089a9d        0x8 /cygdrive/c/Jennic/Components/Library/lib6LP_JN516x.a(dlist.o)
                0x00089a9d                _psDLISTsearchForward
 .text.vDLISTinsertBefore
                0x00089aa5       0x21 /cygdrive/c/Jennic/Components/Library/lib6LP_JN516x.a(dlist.o)
                0x00089aa5                _vDLISTinsertBefore
 .text.psDLISTremove
                0x00089ac6       0x3a /cygdrive/c/Jennic/Components/Library/lib6LP_JN516x.a(dlist.o)
                0x00089ac6                _psDLISTremove
 .text.vDLISTaddToTail
                0x00089b00       0x28 /cygdrive/c/Jennic/Components/Library/lib6LP_JN516x.a(dlist.o)
                0x00089b00                _vDLISTaddToTail
 .text.v6LP_InstallDefaultPatchFunctions
                0x00089b28       0xa2 /cygdrive/c/Jennic/Components/Library/lib6LP_JN516x.a(6lowpan.o)
                0x00089b28                _v6LP_InstallDefaultPatchFunctions
 .text.i6LP_Create6LPdataManager
                0x00089bca       0x96 /cygdrive/c/Jennic/Components/Library/lib6LP_JN516x.a(6lowpan.o)
                0x00089bca                _i6LP_Create6LPdataManager
 .text.iBM_IsBitmapComplete
                0x00089c60       0x24 /cygdrive/c/Jennic/Components/Library/lib6LP_JN516x.a(bitmap.o)
                0x00089c60                _iBM_IsBitmapComplete
 .text.iBM_CalculateConcurrentDataBytes
                0x00089c84       0x6b /cygdrive/c/Jennic/Components/Library/lib6LP_JN516x.a(bitmap.o)
                0x00089c84                _iBM_CalculateConcurrentDataBytes
 .text.vBM_generateBitmap
                0x00089cef       0x1d /cygdrive/c/Jennic/Components/Library/lib6LP_JN516x.a(bitmap.o)
 .text.iBM_SetFragmentBitmap
                0x00089d0c       0xf0 /cygdrive/c/Jennic/Components/Library/lib6LP_JN516x.a(bitmap.o)
                0x00089d0c                _iBM_SetFragmentBitmap
 .text.iBM_ForceBitmapComplete
                0x00089dfc       0x1b /cygdrive/c/Jennic/Components/Library/lib6LP_JN516x.a(bitmap.o)
                0x00089dfc                _iBM_ForceBitmapComplete
 .text.iBM_InitialiseFragmentBitmap
                0x00089e17       0x6a /cygdrive/c/Jennic/Components/Library/lib6LP_JN516x.a(bitmap.o)
                0x00089e17                _iBM_InitialiseFragmentBitmap
 .text.iFH_ReadFragmentHeader
                0x00089e81       0x84 /cygdrive/c/Jennic/Components/Library/lib6LP_JN516x.a(fheader.o)
                0x00089e81                _iFH_ReadFragmentHeader
 .text.iFH_WriteFragmentHeaderIntoTXbuffer
                0x00089f05       0xac /cygdrive/c/Jennic/Components/Library/lib6LP_JN516x.a(fheader.o)
                0x00089f05                _iFH_WriteFragmentHeaderIntoTXbuffer
 .text.iTX_TransmitPayloadFragment
                0x00089fb1       0x97 /cygdrive/c/Jennic/Components/Library/lib6LP_JN516x.a(fragment.o)
                0x00089fb1                _iTX_TransmitPayloadFragment
 .text.iTX_FragmentPayload
                0x0008a048      0x162 /cygdrive/c/Jennic/Components/Library/lib6LP_JN516x.a(fragment.o)
                0x0008a048                _iTX_FragmentPayload
 .text.iICMP_CalculateICMPheaderChecksum
                0x0008a1aa       0x74 /cygdrive/c/Jennic/Components/Library/lib6LP_JN516x.a(icmpv6.o)
                0x0008a1aa                _iICMP_CalculateICMPheaderChecksum
 .text.iICMP_WriteICMPheaderIntoStructure
                0x0008a21e       0x42 /cygdrive/c/Jennic/Components/Library/lib6LP_JN516x.a(icmpv6.o)
                0x0008a21e                _iICMP_WriteICMPheaderIntoStructure
 .text.iICMP_WriteICMPheaderIntoBuffer
                0x0008a260       0x31 /cygdrive/c/Jennic/Components/Library/lib6LP_JN516x.a(icmpv6.o)
                0x0008a260                _iICMP_WriteICMPheaderIntoBuffer
 .text.iPING_SendEchoReplyMessage
                0x0008a291       0x36 /cygdrive/c/Jennic/Components/Library/lib6LP_JN516x.a(icmpv6.o)
                0x0008a291                _iPING_SendEchoReplyMessage
 .text.iICMP_ReceiveICMPmessage
                0x0008a2c7       0x91 /cygdrive/c/Jennic/Components/Library/lib6LP_JN516x.a(icmpv6.o)
                0x0008a2c7                _iICMP_ReceiveICMPmessage
 .text.iICMP_SendICMPerrorMessage
                0x0008a358      0x213 /cygdrive/c/Jennic/Components/Library/lib6LP_JN516x.a(icmpv6.o)
                0x0008a358                _iICMP_SendICMPerrorMessage
 .text.vDecode6LPnextHeader
                0x0008a56b       0x1b /cygdrive/c/Jennic/Components/Library/lib6LP_JN516x.a(ipv6bitstream.o)
                0x0008a56b                _vDecode6LPnextHeader
 .text.vElidedDestinationInterfaceID
                0x0008a586       0x5a /cygdrive/c/Jennic/Components/Library/lib6LP_JN516x.a(ipv6bitstream.o)
                0x0008a586                _vElidedDestinationInterfaceID
 .text.vElidedSourceInterfaceID
                0x0008a5e0       0x48 /cygdrive/c/Jennic/Components/Library/lib6LP_JN516x.a(ipv6bitstream.o)
                0x0008a5e0                _vElidedSourceInterfaceID
 .text.iIPv6_WriteIPv6HeaderIntoBuffer
                0x0008a628       0x51 /cygdrive/c/Jennic/Components/Library/lib6LP_JN516x.a(ipv6bitstream.o)
                0x0008a628                _iIPv6_WriteIPv6HeaderIntoBuffer
 .text.iIPv6_WriteIPv6headerIntoStructure
                0x0008a679       0x47 /cygdrive/c/Jennic/Components/Library/lib6LP_JN516x.a(ipv6bitstream.o)
                0x0008a679                _iIPv6_WriteIPv6headerIntoStructure
 .text.vIPv6_WriteBytewiseCompressedIPv6HeaderIntoBuffer
                0x0008a6c0       0xbb /cygdrive/c/Jennic/Components/Library/lib6LP_JN516x.a(ipv6bitstreamCompressedBytewise.o)
                0x0008a6c0                _vIPv6_WriteBytewiseCompressedIPv6HeaderIntoBuffer
 .text.vIPv6_WriteBytewiseIPv6HeaderIntoStructure
                0x0008a77b      0x127 /cygdrive/c/Jennic/Components/Library/lib6LP_JN516x.a(ipv6bitstreamCompressedBytewise.o)
                0x0008a77b                _vIPv6_WriteBytewiseIPv6HeaderIntoStructure
 .text.vIPv6_WriteUncompressedIPv6HeaderIntoStructure
                0x0008a8a2       0x96 /cygdrive/c/Jennic/Components/Library/lib6LP_JN516x.a(ipv6bitstreamUncompressed.o)
                0x0008a8a2                _vIPv6_WriteUncompressedIPv6HeaderIntoStructure
 .text.vIPv6_WriteUncompressedIPv6HeaderIntoBuffer
                0x0008a938       0x9d /cygdrive/c/Jennic/Components/Library/lib6LP_JN516x.a(ipv6bitstreamUncompressed.o)
                0x0008a938                _vIPv6_WriteUncompressedIPv6HeaderIntoBuffer
 .text.iIPv6_CompressIPv6packet
                0x0008a9d5      0x10c /cygdrive/c/Jennic/Components/Library/lib6LP_JN516x.a(ipv6compress.o)
                0x0008a9d5                _iIPv6_CompressIPv6packet
 .text.vJnc_ClearScanListVect
                0x0008aae1       0x4e /cygdrive/c/Jennic/Components/Library/libJenNet_JN516x.a(JenNetCommon.o)
                0x0008aae1                _vJnc_ClearScanListVect
 .text.bJnc_NeedsReset
                0x0008ab2f       0x19 /cygdrive/c/Jennic/Components/Library/libJenNet_JN516x.a(JenNetCommon.o)
                0x0008ab2f                _bJnc_NeedsReset
 .text.u16Api_GetDepth
                0x0008ab48        0xd /cygdrive/c/Jennic/Components/Library/libJenNet_JN516x.a(JenNetCommon.o)
                0x0008ab48                _u16Api_GetDepth
 .text.u32Jnc_GetUnscannedChannelsVect
                0x0008ab55       0x67 /cygdrive/c/Jennic/Components/Library/libJenNet_JN516x.a(JenNetCommon.o)
                0x0008ab55                _u32Jnc_GetUnscannedChannelsVect
 .text.bApi_SetExtendedCommandHdlr
                0x0008abbc       0x1d /cygdrive/c/Jennic/Components/Library/libJenNet_JN516x.a(JenNetCommon.o)
                0x0008abbc                _bApi_SetExtendedCommandHdlr
 .text.vApi_SetEndDeviceResumeCallback
                0x0008abd9       0x14 /cygdrive/c/Jennic/Components/Library/libJenNet_JN516x.a(JenNetCommon.o)
                0x0008abd9                _vApi_SetEndDeviceResumeCallback
 .text.vApi_RegBeaconNotifyCallback
                0x0008abed        0xd /cygdrive/c/Jennic/Components/Library/libJenNet_JN516x.a(JenNetCommon.o)
                0x0008abed                _vApi_RegBeaconNotifyCallback
 .text.psApi_GetJenNetConfig
                0x0008abfa        0x9 /cygdrive/c/Jennic/Components/Library/libJenNet_JN516x.a(JenNetCommon.o)
                0x0008abfa                _psApi_GetJenNetConfig
 .text.psApi_GetChildTable
                0x0008ac03        0x9 /cygdrive/c/Jennic/Components/Library/libJenNet_JN516x.a(JenNetCommon.o)
                0x0008ac03                _psApi_GetChildTable
 .text.bJnc_IsStackRunning
                0x0008ac0c       0x28 /cygdrive/c/Jennic/Components/Library/libJenNet_JN516x.a(JenNetCommon.o)
                0x0008ac0c                _bJnc_IsStackRunning
 .text.u8Api_GetLastPktLqi
                0x0008ac34        0xd /cygdrive/c/Jennic/Components/Library/libJenNet_JN516x.a(JenNetCommon.o)
                0x0008ac34                _u8Api_GetLastPktLqi
 .text.bApi_GetLastPktDirect
                0x0008ac41        0xd /cygdrive/c/Jennic/Components/Library/libJenNet_JN516x.a(JenNetCommon.o)
                0x0008ac41                _bApi_GetLastPktDirect
 .text.u8NwkTxOption
                0x0008ac4e       0x28 /cygdrive/c/Jennic/Components/Library/libJenNet_JN516x.a(JenNetCommon.o)
                0x0008ac4e                _u8NwkTxOption
 .text.vApi_SetDeviceId
                0x0008ac76        0xd /cygdrive/c/Jennic/Components/Library/libJenNet_JN516x.a(JenNetCommon.o)
                0x0008ac76                _vApi_SetDeviceId
 .text.vApi_SetStackMode
                0x0008ac83       0x22 /cygdrive/c/Jennic/Components/Library/libJenNet_JN516x.a(JenNetCommon.o)
                0x0008ac83                _vApi_SetStackMode
 .text.u16Api_GetStackMode
                0x0008aca5        0xd /cygdrive/c/Jennic/Components/Library/libJenNet_JN516x.a(JenNetCommon.o)
                0x0008aca5                _u16Api_GetStackMode
 .text.psApi_GetNwkKey
                0x0008acb2        0xd /cygdrive/c/Jennic/Components/Library/libJenNet_JN516x.a(JenNetCommon.o)
                0x0008acb2                _psApi_GetNwkKey
 .text.vApi_RegisterExtData
                0x0008acbf        0xd /cygdrive/c/Jennic/Components/Library/libJenNet_JN516x.a(JenNetCommon.o)
                0x0008acbf                _vApi_RegisterExtData
 .text.bJnc_ChangeJoinProfile
                0x0008accc       0x3b /cygdrive/c/Jennic/Components/Library/libJenNet_JN516x.a(JenNetCommon.o)
                0x0008accc                _bJnc_ChangeJoinProfile
 .text.bJnc_SetJoinProfile
                0x0008ad07       0x5c /cygdrive/c/Jennic/Components/Library/libJenNet_JN516x.a(JenNetCommon.o)
                0x0008ad07                _bJnc_SetJoinProfile
 .text.bJnc_SetRunProfile
                0x0008ad63       0x9d /cygdrive/c/Jennic/Components/Library/libJenNet_JN516x.a(JenNetCommon.o)
                0x0008ad63                _bJnc_SetRunProfile
 .text.u32Jnc_GetNumberOfDevicesInBranch
                0x0008ae00       0x53 /cygdrive/c/Jennic/Components/Library/libJenNet_JN516x.a(JenNetCommon.o)
                0x0008ae00                _u32Jnc_GetNumberOfDevicesInBranch
 .text.prJnc_SetSafeToSleepCallback
                0x0008ae53       0x11 /cygdrive/c/Jennic/Components/Library/libJenNet_JN516x.a(JenNetCommon.o)
                0x0008ae53                _prJnc_SetSafeToSleepCallback
 .text.bDefaultSafeToSleep
                0x0008ae64        0x5 /cygdrive/c/Jennic/Components/Library/libJenNet_JN516x.a(JenNetCommon.o)
 .text.vJnc_SleepVect
                0x0008ae69       0x93 /cygdrive/c/Jennic/Components/Library/libJenNet_JN516x.a(JenNetCommon.o)
                0x0008ae69                _vJnc_SleepVect
 .text.vApi_SetNwkKey
                0x0008aefc       0x1a /cygdrive/c/Jennic/Components/Library/libJenNet_JN516x.a(JenNetCommon.o)
                0x0008aefc                _vApi_SetNwkKey
 .text.eJnc_StartScanVect
                0x0008af16       0xe2 /cygdrive/c/Jennic/Components/Library/libJenNet_JN516x.a(JenNetCommon.o)
                0x0008af16                _eJnc_StartScanVect
 .text.eApi_SendDataToCoord
                0x0008aff8       0xa7 /cygdrive/c/Jennic/Components/Library/libJenNet_JN516x.a(JenNetCommon.o)
                0x0008aff8                _eApi_SendDataToCoord
 .text.eApi_SendDataToNwk
                0x0008b09f       0x7d /cygdrive/c/Jennic/Components/Library/libJenNet_JN516x.a(JenNetCommon.o)
                0x0008b09f                _eApi_SendDataToNwk
 .text.eApi_SendDataToPeer
                0x0008b11c       0x89 /cygdrive/c/Jennic/Components/Library/libJenNet_JN516x.a(JenNetCommon.o)
                0x0008b11c                _eApi_SendDataToPeer
 .text.bJnc_ResetStackVect
                0x0008b1a5      0x15a /cygdrive/c/Jennic/Components/Library/libJenNet_JN516x.a(JenNetCommon.o)
                0x0008b1a5                _bJnc_ResetStackVect
 .text.vJnc_JenNetTick
                0x0008b2ff       0x8a /cygdrive/c/Jennic/Components/Library/libJenNet_JN516x.a(JenNetCommon.o)
                0x0008b2ff                _vJnc_JenNetTick
 .text.bJnc_StartAssociateVect
                0x0008b389       0xb2 /cygdrive/c/Jennic/Components/Library/libJenNet_JN516x.a(JenNetCommon.o)
                0x0008b389                _bJnc_StartAssociateVect
 .text.eApi_LeaveNetwork
                0x0008b43b       0x92 /cygdrive/c/Jennic/Components/Library/libJenNet_JN516x.a(JenNetCommon.o)
                0x0008b43b                _eApi_LeaveNetwork
 .text.vJnc_BackOffVect
                0x0008b4cd       0x71 /cygdrive/c/Jennic/Components/Library/libJenNet_JN516x.a(JenNetCommon.o)
                0x0008b4cd                _vJnc_BackOffVect
 .text.vJnc_HandleBeaconVect
                0x0008b53e      0x278 /cygdrive/c/Jennic/Components/Library/libJenNet_JN516x.a(JenNetCommon.o)
                0x0008b53e                _vJnc_HandleBeaconVect
 .text.vJnc_InitSystemVect
                0x0008b7b6      0x188 /cygdrive/c/Jennic/Components/Library/libJenNet_JN516x.a(JenNetCommon.o)
                0x0008b7b6                _vJnc_InitSystemVect
 .text.vJnc_SendEstablishRouteVect
                0x0008b93e      0x113 /cygdrive/c/Jennic/Components/Library/libJenNet_JN516x.a(JenNetCommon.o)
                0x0008b93e                _vJnc_SendEstablishRouteVect
 .text.vJnc_HandleDisassociateCfmVect
                0x0008ba51       0x63 /cygdrive/c/Jennic/Components/Library/libJenNet_JN516x.a(JenNetCommon.o)
                0x0008ba51                _vJnc_HandleDisassociateCfmVect
 .text.vJnc_JenNetInitVariablesVect
                0x0008bab4      0x1ff /cygdrive/c/Jennic/Components/Library/libJenNet_JN516x.a(JenNetCommon.o)
                0x0008bab4                _vJnc_JenNetInitVariablesVect
 .text.srand    0x0008bcb3        0xf /cygdrive/c/Jennic/Components/Library/libJenNet_JN516x.a(rand.o)
                0x0008bcb3                _srand
 .text.rand     0x0008bcc2       0x3c /cygdrive/c/Jennic/Components/Library/libJenNet_JN516x.a(rand.o)
                0x0008bcc2                _rand
 .text.vJenNet_ProcessIncomingHwEvent_CR
                0x0008bcfe        0x6 /cygdrive/c/Jennic/Components/Library/libJenNet_JN516x.a(JenNetApiPatch.o)
                0x0008bcfe                _vJenNet_ProcessIncomingHwEvent_CR
 .text.vJenNet_CreateBeaconPayload
                0x0008bd04        0x6 /cygdrive/c/Jennic/Components/Library/libJenNet_JN516x.a(JenNetApiPatch.o)
                0x0008bd04                _vJenNet_CreateBeaconPayload
 .text.vJenNet_DefCreateBeaconPayload
                0x0008bd0a        0x3 /cygdrive/c/Jennic/Components/Library/libJenNet_JN516x.a(NetworkCoordRouter.o)
                0x0008bd0a                _vJenNet_DefCreateBeaconPayload
 .text.bNwk_IsChild
                0x0008bd0d       0x45 /cygdrive/c/Jennic/Components/Library/libJenNet_JN516x.a(NetworkCoordRouter.o)
                0x0008bd0d                _bNwk_IsChild
 .text.bNwk_IsParentVect
                0x0008bd52       0x37 /cygdrive/c/Jennic/Components/Library/libJenNet_JN516x.a(NetworkCoordRouter.o)
                0x0008bd52                _bNwk_IsParentVect
 .text.bNwk_IsSleepingChild
                0x0008bd89       0x11 /cygdrive/c/Jennic/Components/Library/libJenNet_JN516x.a(NetworkCoordRouter.o)
                0x0008bd89                _bNwk_IsSleepingChild
 .text.vNwk_SetChildActiveRoutes
                0x0008bd9a       0x19 /cygdrive/c/Jennic/Components/Library/libJenNet_JN516x.a(NetworkCoordRouter.o)
                0x0008bd9a                _vNwk_SetChildActiveRoutes
 .text.bNwk_IsActiveChild
                0x0008bdb3       0x19 /cygdrive/c/Jennic/Components/Library/libJenNet_JN516x.a(NetworkCoordRouter.o)
                0x0008bdb3                _bNwk_IsActiveChild
 .text.psNwk_GetChildAddress
                0x0008bdcc        0xe /cygdrive/c/Jennic/Components/Library/libJenNet_JN516x.a(NetworkCoordRouter.o)
                0x0008bdcc                _psNwk_GetChildAddress
 .text.psNwk_GetParentAddr
                0x0008bdda       0x16 /cygdrive/c/Jennic/Components/Library/libJenNet_JN516x.a(NetworkCoordRouter.o)
                0x0008bdda                _psNwk_GetParentAddr
 .text.vActiveScan_Backoff
                0x0008bdf0        0x3 /cygdrive/c/Jennic/Components/Library/libJenNet_JN516x.a(NetworkCoordRouter.o)
 .text.bCheckRxSeqNoVect
                0x0008bdf3       0xb3 /cygdrive/c/Jennic/Components/Library/libJenNet_JN516x.a(NetworkCoordRouter.o)
                0x0008bdf3                _bCheckRxSeqNoVect
 .text.vNwk_IncRoutingEntry
                0x0008bea6       0x13 /cygdrive/c/Jennic/Components/Library/libJenNet_JN516x.a(NetworkCoordRouter.o)
                0x0008bea6                _vNwk_IncRoutingEntry
 .text.vNwk_ImportCompleteVect
                0x0008beb9       0xa2 /cygdrive/c/Jennic/Components/Library/libJenNet_JN516x.a(NetworkCoordRouter.o)
                0x0008beb9                _vNwk_ImportCompleteVect
 .text.vRouterActiveScanResponse_Backoff
                0x0008bf5b        0xf /cygdrive/c/Jennic/Components/Library/libJenNet_JN516x.a(NetworkCoordRouter.o)
                0x0008bf5b                _vRouterActiveScanResponse_Backoff
 .text.vNcr_SortScanList
                0x0008bf6a       0xb3 /cygdrive/c/Jennic/Components/Library/libJenNet_JN516x.a(NetworkCoordRouter.o)
                0x0008bf6a                _vNcr_SortScanList
 .text.vAddRcvdDataStats
                0x0008c01d       0x56 /cygdrive/c/Jennic/Components/Library/libJenNet_JN516x.a(NetworkCoordRouter.o)
                0x0008c01d                _vAddRcvdDataStats
 .text.vNwk_ChildDepthSetVect
                0x0008c073       0x52 /cygdrive/c/Jennic/Components/Library/libJenNet_JN516x.a(NetworkCoordRouter.o)
                0x0008c073                _vNwk_ChildDepthSetVect
 .text.vNwk_SetDepthVect
                0x0008c0c5       0x5e /cygdrive/c/Jennic/Components/Library/libJenNet_JN516x.a(NetworkCoordRouter.o)
                0x0008c0c5                _vNwk_SetDepthVect
 .text.bNwk_GetNextHopAddressVect
                0x0008c123       0x5d /cygdrive/c/Jennic/Components/Library/libJenNet_JN516x.a(NetworkCoordRouter.o)
                0x0008c123                _bNwk_GetNextHopAddressVect
 .text.bApi_GetNeighbourTableEntry
                0x0008c180       0xf2 /cygdrive/c/Jennic/Components/Library/libJenNet_JN516x.a(NetworkCoordRouter.o)
                0x0008c180                _bApi_GetNeighbourTableEntry
 .text.vApi_SetUserBeaconBits
                0x0008c272       0x32 /cygdrive/c/Jennic/Components/Library/libJenNet_JN516x.a(NetworkCoordRouter.o)
                0x0008c272                _vApi_SetUserBeaconBits
 .text.vNwk_SetBeaconCalming
                0x0008c2a4       0x4f /cygdrive/c/Jennic/Components/Library/libJenNet_JN516x.a(NetworkCoordRouter.o)
                0x0008c2a4                _vNwk_SetBeaconCalming
 .text.vStartCoordVect
                0x0008c2f3       0xfa /cygdrive/c/Jennic/Components/Library/libJenNet_JN516x.a(NetworkCoordRouter.o)
                0x0008c2f3                _vStartCoordVect
 .text.vNwk_DeleteChildVect
                0x0008c3ed       0xd3 /cygdrive/c/Jennic/Components/Library/libJenNet_JN516x.a(NetworkCoordRouter.o)
                0x0008c3ed                _vNwk_DeleteChildVect
 .text.vHandleDisassociateIndVect
                0x0008c4c0       0x2c /cygdrive/c/Jennic/Components/Library/libJenNet_JN516x.a(NetworkCoordRouter.o)
                0x0008c4c0                _vHandleDisassociateIndVect
 .text.vNcr_CheckForLostChildrenVect
                0x0008c4ec       0x5e /cygdrive/c/Jennic/Components/Library/libJenNet_JN516x.a(NetworkCoordRouter.o)
                0x0008c4ec                _vNcr_CheckForLostChildrenVect
 .text.vNcr_EnergyScanResponseVect
                0x0008c54a       0xb2 /cygdrive/c/Jennic/Components/Library/libJenNet_JN516x.a(NetworkCoordRouter.o)
                0x0008c54a                _vNcr_EnergyScanResponseVect
 .text.vScanOrAssociate_Backoff
                0x0008c5fc       0x18 /cygdrive/c/Jennic/Components/Library/libJenNet_JN516x.a(NetworkCoordRouter.o)
                0x0008c5fc                _vScanOrAssociate_Backoff
 .text.vNcr_CoordActiveScanResponseVect
                0x0008c614       0xd2 /cygdrive/c/Jennic/Components/Library/libJenNet_JN516x.a(NetworkCoordRouter.o)
                0x0008c614                _vNcr_CoordActiveScanResponseVect
 .text.vNcr_NodeAssociationVect
                0x0008c6e6      0x2c5 /cygdrive/c/Jennic/Components/Library/libJenNet_JN516x.a(NetworkCoordRouter.o)
                0x0008c6e6                _vNcr_NodeAssociationVect
 .text.vNcr_ScanOrAssociateVect
                0x0008c9ab      0x11d /cygdrive/c/Jennic/Components/Library/libJenNet_JN516x.a(NetworkCoordRouter.o)
                0x0008c9ab                _vNcr_ScanOrAssociateVect
 .text.bNcr_NetworkAnnounce
                0x0008cac8       0xae /cygdrive/c/Jennic/Components/Library/libJenNet_JN516x.a(NetworkCoordRouter.o)
                0x0008cac8                _bNcr_NetworkAnnounce
 .text.vNcr_AssociateResponseVect
                0x0008cb76       0xfd /cygdrive/c/Jennic/Components/Library/libJenNet_JN516x.a(NetworkCoordRouter.o)
                0x0008cb76                _vNcr_AssociateResponseVect
 .text.vNcr_RouterActiveScanResponseVect
                0x0008cc73      0x10d /cygdrive/c/Jennic/Components/Library/libJenNet_JN516x.a(NetworkCoordRouter.o)
                0x0008cc73                _vNcr_RouterActiveScanResponseVect
 .text.vNcr_PurgeRouteVect
                0x0008cd80       0xb5 /cygdrive/c/Jennic/Components/Library/libJenNet_JN516x.a(NetworkCoordRouter.o)
                0x0008cd80                _vNcr_PurgeRouteVect
 .text.vNwk_RouteEstablishedVect
                0x0008ce35      0x165 /cygdrive/c/Jennic/Components/Library/libJenNet_JN516x.a(NetworkCoordRouter.o)
                0x0008ce35                _vNwk_RouteEstablishedVect
 .text.vNcr_McpsDataDcfmVect
                0x0008cf9a      0x17d /cygdrive/c/Jennic/Components/Library/libJenNet_JN516x.a(NetworkCoordRouter.o)
                0x0008cf9a                _vNcr_McpsDataDcfmVect
 .text.u8AddNeighbourVect
                0x0008d117       0x60 /cygdrive/c/Jennic/Components/Library/libJenNet_JN516x.a(NetworkCoordRouter.o)
                0x0008d117                _u8AddNeighbourVect
 .text.vEstablishRoute_Backoff
                0x0008d177       0x26 /cygdrive/c/Jennic/Components/Library/libJenNet_JN516x.a(NetworkCoordRouter.o)
                0x0008d177                _vEstablishRoute_Backoff
 .text.vApi_Recover_CR
                0x0008d19d       0x6c /cygdrive/c/Jennic/Components/Library/libJenNet_JN516x.a(NetworkCoordRouter.o)
                0x0008d19d                _vApi_Recover_CR
 *fill*         0x0008d209        0x3 00
 .text.vNcr_StateMachineVect
                0x0008d20c      0x2f8 /cygdrive/c/Jennic/Components/Library/libJenNet_JN516x.a(NetworkCoordRouter.o)
                0x0008d20c                _vNcr_StateMachineVect
 .text.vInitCoordRtrStateVect
                0x0008d504      0x236 /cygdrive/c/Jennic/Components/Library/libJenNet_JN516x.a(NetworkCoordRouter.o)
                0x0008d504                _vInitCoordRtrStateVect
 *fill*         0x0008d73a        0x2 00
 .text.eNwk_TransmitPacketVect
                0x0008d73c      0x3cc /cygdrive/c/Jennic/Components/Library/libJenNet_JN516x.a(NetworkCoordRouter.o)
                0x0008d73c                _eNwk_TransmitPacketVect
 .text.eApi_SendNetworkAnnounce
                0x0008db08       0x59 /cygdrive/c/Jennic/Components/Library/libJenNet_JN516x.a(NetworkCoordRouter.o)
                0x0008db08                _eApi_SendNetworkAnnounce
 .text.vCheckChildDepthVect
                0x0008db61       0xd4 /cygdrive/c/Jennic/Components/Library/libJenNet_JN516x.a(NetworkCoordRouter.o)
                0x0008db61                _vCheckChildDepthVect
 .text.vNcr_RouteImportVect
                0x0008dc35      0x285 /cygdrive/c/Jennic/Components/Library/libJenNet_JN516x.a(NetworkCoordRouter.o)
                0x0008dc35                _vNcr_RouteImportVect
 .text.vNcr_ProcessInternalTimerVect
                0x0008deba      0x2ce /cygdrive/c/Jennic/Components/Library/libJenNet_JN516x.a(NetworkCoordRouter.o)
                0x0008deba                _vNcr_ProcessInternalTimerVect
 .text.vJenNet_DefProcessIncomingHwEvent_CR
                0x0008e188       0x41 /cygdrive/c/Jennic/Components/Library/libJenNet_JN516x.a(NetworkCoordRouter.o)
                0x0008e188                _vJenNet_DefProcessIncomingHwEvent_CR
 .text.eApi_CommissionNode
                0x0008e1c9       0x7e /cygdrive/c/Jennic/Components/Library/libJenNet_JN516x.a(NetworkCoordRouter.o)
                0x0008e1c9                _eApi_CommissionNode
 .text.vNcr_HandleCommStsVect
                0x0008e247       0xc1 /cygdrive/c/Jennic/Components/Library/libJenNet_JN516x.a(NetworkCoordRouter.o)
                0x0008e247                _vNcr_HandleCommStsVect
 .text.vNcr_IncomingMlmeVect
                0x0008e308       0xdc /cygdrive/c/Jennic/Components/Library/libJenNet_JN516x.a(NetworkCoordRouter.o)
                0x0008e308                _vNcr_IncomingMlmeVect
 .text.vNwk_RejectNodeVect
                0x0008e3e4       0x55 /cygdrive/c/Jennic/Components/Library/libJenNet_JN516x.a(NetworkCoordRouter.o)
                0x0008e3e4                _vNwk_RejectNodeVect
 .text.vNcr_McpsDataIndVect
                0x0008e439      0x1e6 /cygdrive/c/Jennic/Components/Library/libJenNet_JN516x.a(NetworkCoordRouter.o)
                0x0008e439                _vNcr_McpsDataIndVect
 .text.vNcr_IncomingMcpsVect
                0x0008e61f       0x84 /cygdrive/c/Jennic/Components/Library/libJenNet_JN516x.a(NetworkCoordRouter.o)
                0x0008e61f                _vNcr_IncomingMcpsVect
 .text.vApi_Recover
                0x0008e6a3       0x19 /cygdrive/c/Jennic/Components/Library/libJenNet_JN516x.a(NetworkCoordRouter.o)
                0x0008e6a3                _vApi_Recover
 .text.vApi_Start_CRVect
                0x0008e6bc      0x1aa /cygdrive/c/Jennic/Components/Library/libJenNet_JN516x.a(NetworkCoordRouter.o)
                0x0008e6bc                _vApi_Start_CRVect
 .text.vPAR_Init
                0x0008e866       0x16 /cygdrive/c/Jennic/Components/Library/libJenNet_JN516x.a(ProcessAndRoute.o)
                0x0008e866                _vPAR_Init
 .text.vPAR_DeleteRoutingEntryVect
                0x0008e87c       0x5f /cygdrive/c/Jennic/Components/Library/libJenNet_JN516x.a(ProcessAndRoute.o)
                0x0008e87c                _vPAR_DeleteRoutingEntryVect
 .text.vApi_RegNwkAuthoriseCallback
                0x0008e8db        0xd /cygdrive/c/Jennic/Components/Library/libJenNet_JN516x.a(ProcessAndRoute.o)
                0x0008e8db                _vApi_RegNwkAuthoriseCallback
 .text.u16AddNextHopVect
                0x0008e8e8       0x99 /cygdrive/c/Jennic/Components/Library/libJenNet_JN516x.a(ProcessAndRoute.o)
                0x0008e8e8                _u16AddNextHopVect
 .text.u16GetNextHopVect
                0x0008e981       0x53 /cygdrive/c/Jennic/Components/Library/libJenNet_JN516x.a(ProcessAndRoute.o)
                0x0008e981                _u16GetNextHopVect
 .text.vPAR_ProcessSetDepth
                0x0008e9d4       0x49 /cygdrive/c/Jennic/Components/Library/libJenNet_JN516x.a(ProcessAndRoute.o)
                0x0008e9d4                _vPAR_ProcessSetDepth
 .text.vPAR_ProcessFindNode
                0x0008ea1d       0x8e /cygdrive/c/Jennic/Components/Library/libJenNet_JN516x.a(ProcessAndRoute.o)
                0x0008ea1d                _vPAR_ProcessFindNode
 .text.vPAR_ProcessDataToNwk
                0x0008eaab       0x58 /cygdrive/c/Jennic/Components/Library/libJenNet_JN516x.a(ProcessAndRoute.o)
                0x0008eaab                _vPAR_ProcessDataToNwk
 .text.ePAR_SendChangeProfile
                0x0008eb03       0x5a /cygdrive/c/Jennic/Components/Library/libJenNet_JN516x.a(ProcessAndRoute.o)
                0x0008eb03                _ePAR_SendChangeProfile
 .text.vPAR_SendPurgeRoute
                0x0008eb5d       0x5f /cygdrive/c/Jennic/Components/Library/libJenNet_JN516x.a(ProcessAndRoute.o)
                0x0008eb5d                _vPAR_SendPurgeRoute
 .text.ePAR_SendFindNode
                0x0008ebbc       0x52 /cygdrive/c/Jennic/Components/Library/libJenNet_JN516x.a(ProcessAndRoute.o)
                0x0008ebbc                _ePAR_SendFindNode
 .text.vPAR_ProcessRepairRoute
                0x0008ec0e       0x27 /cygdrive/c/Jennic/Components/Library/libJenNet_JN516x.a(ProcessAndRoute.o)
                0x0008ec0e                _vPAR_ProcessRepairRoute
 .text.vPAR_SendDeleteRoute
                0x0008ec35       0x56 /cygdrive/c/Jennic/Components/Library/libJenNet_JN516x.a(ProcessAndRoute.o)
                0x0008ec35                _vPAR_SendDeleteRoute
 .text.ePAR_RoutePacketVect
                0x0008ec8b      0x110 /cygdrive/c/Jennic/Components/Library/libJenNet_JN516x.a(ProcessAndRoute.o)
                0x0008ec8b                _ePAR_RoutePacketVect
 .text.vProcessResponseRequest
                0x0008ed9b       0x57 /cygdrive/c/Jennic/Components/Library/libJenNet_JN516x.a(ProcessAndRoute.o)
 .text.vPAR_ProcessDataToCoord
                0x0008edf2       0x58 /cygdrive/c/Jennic/Components/Library/libJenNet_JN516x.a(ProcessAndRoute.o)
                0x0008edf2                _vPAR_ProcessDataToCoord
 .text.vPAR_CheckPendingActions
                0x0008ee4a       0x2b /cygdrive/c/Jennic/Components/Library/libJenNet_JN516x.a(ProcessAndRoute.o)
                0x0008ee4a                _vPAR_CheckPendingActions
 .text.vPAR_ProcessPurgeRoute
                0x0008ee75       0x65 /cygdrive/c/Jennic/Components/Library/libJenNet_JN516x.a(ProcessAndRoute.o)
                0x0008ee75                _vPAR_ProcessPurgeRoute
 .text.vPAR_ProcessDataToPeer
                0x0008eeda       0x7e /cygdrive/c/Jennic/Components/Library/libJenNet_JN516x.a(ProcessAndRoute.o)
                0x0008eeda                _vPAR_ProcessDataToPeer
 .text.vPAR_DeleteRoute
                0x0008ef58      0x1c8 /cygdrive/c/Jennic/Components/Library/libJenNet_JN516x.a(ProcessAndRoute.o)
                0x0008ef58                _vPAR_DeleteRoute
 .text.vPAR_Ping
                0x0008f120       0x47 /cygdrive/c/Jennic/Components/Library/libJenNet_JN516x.a(ProcessAndRoute.o)
                0x0008f120                _vPAR_Ping
 .text.vPAR_UnknownNode
                0x0008f167       0x26 /cygdrive/c/Jennic/Components/Library/libJenNet_JN516x.a(ProcessAndRoute.o)
                0x0008f167                _vPAR_UnknownNode
 .text.vPAR_EstablishRoute
                0x0008f18d      0x3bd /cygdrive/c/Jennic/Components/Library/libJenNet_JN516x.a(ProcessAndRoute.o)
                0x0008f18d                _vPAR_EstablishRoute
 .text.vPAR_ProcessComsnNode
                0x0008f54a       0x30 /cygdrive/c/Jennic/Components/Library/libJenNet_JN516x.a(ProcessAndRoute.o)
                0x0008f54a                _vPAR_ProcessComsnNode
 .text.vPAR_ProcessRouteImport
                0x0008f57a      0x116 /cygdrive/c/Jennic/Components/Library/libJenNet_JN516x.a(ProcessAndRoute.o)
                0x0008f57a                _vPAR_ProcessRouteImport
 .text.vPAR_InitRoutingTable
                0x0008f690       0x26 /cygdrive/c/Jennic/Components/Library/libJenNet_JN516x.a(ProcessAndRoute.o)
                0x0008f690                _vPAR_InitRoutingTable
 .text.vPAR_ProcessRouteRequest
                0x0008f6b6      0x1ce /cygdrive/c/Jennic/Components/Library/libJenNet_JN516x.a(ProcessAndRoute.o)
                0x0008f6b6                _vPAR_ProcessRouteRequest
 .text.vProcessNetworkAnnounce
                0x0008f884       0x3a /cygdrive/c/Jennic/Components/Library/libJenNet_JN516x.a(ProcessAndRoute.o)
 *fill*         0x0008f8be        0x2 00
 .text.vPAR_ProcessPacket
                0x0008f8c0      0x40c /cygdrive/c/Jennic/Components/Library/libJenNet_JN516x.a(ProcessAndRoute.o)
                0x0008f8c0                _vPAR_ProcessPacket
 .text.vNed_ScanTimeoutHandler